../Core/Src/main.c:101:5:_write	24	static
../Core/Src/main.c:119:6:HAL_TIM_PeriodElapsedCallback	16	static
../Core/Src/main.c:175:6:Uart_Receive_Init	4	static
../Core/Src/main.c:190:6:HAL_UART_RxCpltCallback	24	static
../Core/Src/main.c:352:6:HAL_GPIO_EXTI_Callback	16	static
../Core/Src/main.c:383:6:ResetAllValue	4	static
../Core/Src/main.c:394:6:CheckHome	8	static
../Core/Src/main.c:407:5:main	8	static
../Core/Src/main.c:464:6:SystemClock_Config	72	static
../Core/Src/main.c:504:13:MX_TIM2_Init	64	static
../Core/Src/main.c:571:13:MX_TIM3_Init	64	static
../Core/Src/main.c:630:13:MX_USART1_UART_Init	8	static
../Core/Src/main.c:663:13:MX_GPIO_Init	40	static
../Core/Src/main.c:748:6:Error_Handler	4	static,ignoring_inline_asm
