../Core/Src/main.c:142:5:_write	24	static
../Core/Src/main.c:160:6:HAL_TIM_PeriodElapsedCallback	16	static
../Core/Src/main.c:216:6:Uart_Receive_Start	8	static
../Core/Src/main.c:233:5:HandleCheckCommand	8	static
../Core/Src/main.c:283:6:HandleCheckCoordinate	16	static
../Core/Src/main.c:348:6:HAL_UART_RxCpltCallback	16	static
../Core/Src/main.c:364:6:HAL_GPIO_EXTI_Callback	16	static
../Core/Src/main.c:407:6:ResetAllValue	4	static
../Core/Src/main.c:423:6:CheckHome	8	static
../Core/Src/main.c:435:6:RobotDoCommand	8	static
../Core/Src/main.c:490:6:RobotDoCoordinate	8	static
../Core/Src/main.c:531:6:ControlRobot	8	static
../Core/Src/main.c:547:6:Initialize_Save_Instruction	4	static
../Core/Src/main.c:611:5:main	8	static
../Core/Src/main.c:695:6:SystemClock_Config	72	static
../Core/Src/main.c:732:13:MX_TIM2_Init	64	static
../Core/Src/main.c:795:13:MX_TIM3_Init	64	static
../Core/Src/main.c:850:13:MX_USART1_UART_Init	8	static
../Core/Src/main.c:881:13:MX_GPIO_Init	40	static
../Core/Src/main.c:966:6:Error_Handler	4	static,ignoring_inline_asm
