../Core/Src/main.c:101:5:_write	24	static
../Core/Src/main.c:118:6:HAL_TIM_PeriodElapsedCallback	16	static
../Core/Src/main.c:185:6:HAL_GPIO_EXTI_Callback	16	static
../Core/Src/main.c:199:6:HAL_UART_RxCpltCallback	16	static
../Core/Src/main.c:212:6:handle_command	8	static
../Core/Src/main.c:292:6:control_robot	8	static
../Core/Src/main.c:303:5:main	8	static
../Core/Src/main.c:351:6:SystemClock_Config	72	static
../Core/Src/main.c:384:13:MX_TIM1_Init	96	static
../Core/Src/main.c:455:13:MX_TIM2_Init	64	static
../Core/Src/main.c:510:13:MX_TIM3_Init	64	static
../Core/Src/main.c:565:13:MX_USART1_UART_Init	8	static
../Core/Src/main.c:596:13:MX_GPIO_Init	40	static
../Core/Src/main.c:652:6:Error_Handler	4	static,ignoring_inline_asm
