../Core/Src/main.c:108:5:_write	24	static
../Core/Src/main.c:125:6:HAL_TIM_PeriodElapsedCallback	16	static
../Core/Src/main.c:196:6:HAL_GPIO_EXTI_Callback	16	static
../Core/Src/main.c:212:6:HAL_UART_RxCpltCallback	16	static
../Core/Src/main.c:226:6:handle_command	8	static
../Core/Src/main.c:288:6:control_robot	8	static
../Core/Src/main.c:299:5:main	8	static
../Core/Src/main.c:346:6:SystemClock_Config	72	static
../Core/Src/main.c:379:13:MX_TIM2_Init	64	static
../Core/Src/main.c:434:13:MX_TIM3_Init	64	static
../Core/Src/main.c:489:13:MX_USART1_UART_Init	8	static
../Core/Src/main.c:520:13:MX_GPIO_Init	40	static
../Core/Src/main.c:581:6:Error_Handler	4	static,ignoring_inline_asm
