Archive member included to satisfy reference by file (symbol)

C:/ST/STM32CubeIDE_1.14.0/STM32CubeIDE/plugins/com.st.stm32cube.ide.mcu.externaltools.gnu-tools-for-stm32.11.3.rel1.win32_1.1.100.202309141235/tools/bin/../lib/gcc/arm-none-eabi/11.3.1/../../../../arm-none-eabi/lib/thumb/v7-m/nofp\libc_nano.a(libc_a-exit.o)
                              C:/ST/STM32CubeIDE_1.14.0/STM32CubeIDE/plugins/com.st.stm32cube.ide.mcu.externaltools.gnu-tools-for-stm32.11.3.rel1.win32_1.1.100.202309141235/tools/bin/../lib/gcc/arm-none-eabi/11.3.1/../../../../arm-none-eabi/lib/thumb/v7-m/nofp/crt0.o (exit)
C:/ST/STM32CubeIDE_1.14.0/STM32CubeIDE/plugins/com.st.stm32cube.ide.mcu.externaltools.gnu-tools-for-stm32.11.3.rel1.win32_1.1.100.202309141235/tools/bin/../lib/gcc/arm-none-eabi/11.3.1/../../../../arm-none-eabi/lib/thumb/v7-m/nofp\libc_nano.a(libc_a-findfp.o)
                              C:/ST/STM32CubeIDE_1.14.0/STM32CubeIDE/plugins/com.st.stm32cube.ide.mcu.externaltools.gnu-tools-for-stm32.11.3.rel1.win32_1.1.100.202309141235/tools/bin/../lib/gcc/arm-none-eabi/11.3.1/../../../../arm-none-eabi/lib/thumb/v7-m/nofp\libc_nano.a(libc_a-exit.o) (__stdio_exit_handler)
C:/ST/STM32CubeIDE_1.14.0/STM32CubeIDE/plugins/com.st.stm32cube.ide.mcu.externaltools.gnu-tools-for-stm32.11.3.rel1.win32_1.1.100.202309141235/tools/bin/../lib/gcc/arm-none-eabi/11.3.1/../../../../arm-none-eabi/lib/thumb/v7-m/nofp\libc_nano.a(libc_a-fwalk.o)
                              C:/ST/STM32CubeIDE_1.14.0/STM32CubeIDE/plugins/com.st.stm32cube.ide.mcu.externaltools.gnu-tools-for-stm32.11.3.rel1.win32_1.1.100.202309141235/tools/bin/../lib/gcc/arm-none-eabi/11.3.1/../../../../arm-none-eabi/lib/thumb/v7-m/nofp\libc_nano.a(libc_a-findfp.o) (_fwalk_sglue)
C:/ST/STM32CubeIDE_1.14.0/STM32CubeIDE/plugins/com.st.stm32cube.ide.mcu.externaltools.gnu-tools-for-stm32.11.3.rel1.win32_1.1.100.202309141235/tools/bin/../lib/gcc/arm-none-eabi/11.3.1/../../../../arm-none-eabi/lib/thumb/v7-m/nofp\libc_nano.a(libc_a-puts.o)
                              ./Core/Src/main.o (puts)
C:/ST/STM32CubeIDE_1.14.0/STM32CubeIDE/plugins/com.st.stm32cube.ide.mcu.externaltools.gnu-tools-for-stm32.11.3.rel1.win32_1.1.100.202309141235/tools/bin/../lib/gcc/arm-none-eabi/11.3.1/../../../../arm-none-eabi/lib/thumb/v7-m/nofp\libc_nano.a(libc_a-stdio.o)
                              C:/ST/STM32CubeIDE_1.14.0/STM32CubeIDE/plugins/com.st.stm32cube.ide.mcu.externaltools.gnu-tools-for-stm32.11.3.rel1.win32_1.1.100.202309141235/tools/bin/../lib/gcc/arm-none-eabi/11.3.1/../../../../arm-none-eabi/lib/thumb/v7-m/nofp\libc_nano.a(libc_a-findfp.o) (__sread)
C:/ST/STM32CubeIDE_1.14.0/STM32CubeIDE/plugins/com.st.stm32cube.ide.mcu.externaltools.gnu-tools-for-stm32.11.3.rel1.win32_1.1.100.202309141235/tools/bin/../lib/gcc/arm-none-eabi/11.3.1/../../../../arm-none-eabi/lib/thumb/v7-m/nofp\libc_nano.a(libc_a-wbuf.o)
                              C:/ST/STM32CubeIDE_1.14.0/STM32CubeIDE/plugins/com.st.stm32cube.ide.mcu.externaltools.gnu-tools-for-stm32.11.3.rel1.win32_1.1.100.202309141235/tools/bin/../lib/gcc/arm-none-eabi/11.3.1/../../../../arm-none-eabi/lib/thumb/v7-m/nofp\libc_nano.a(libc_a-puts.o) (__swbuf_r)
C:/ST/STM32CubeIDE_1.14.0/STM32CubeIDE/plugins/com.st.stm32cube.ide.mcu.externaltools.gnu-tools-for-stm32.11.3.rel1.win32_1.1.100.202309141235/tools/bin/../lib/gcc/arm-none-eabi/11.3.1/../../../../arm-none-eabi/lib/thumb/v7-m/nofp\libc_nano.a(libc_a-wsetup.o)
                              C:/ST/STM32CubeIDE_1.14.0/STM32CubeIDE/plugins/com.st.stm32cube.ide.mcu.externaltools.gnu-tools-for-stm32.11.3.rel1.win32_1.1.100.202309141235/tools/bin/../lib/gcc/arm-none-eabi/11.3.1/../../../../arm-none-eabi/lib/thumb/v7-m/nofp\libc_nano.a(libc_a-puts.o) (__swsetup_r)
C:/ST/STM32CubeIDE_1.14.0/STM32CubeIDE/plugins/com.st.stm32cube.ide.mcu.externaltools.gnu-tools-for-stm32.11.3.rel1.win32_1.1.100.202309141235/tools/bin/../lib/gcc/arm-none-eabi/11.3.1/../../../../arm-none-eabi/lib/thumb/v7-m/nofp\libc_nano.a(libc_a-memset.o)
                              C:/ST/STM32CubeIDE_1.14.0/STM32CubeIDE/plugins/com.st.stm32cube.ide.mcu.externaltools.gnu-tools-for-stm32.11.3.rel1.win32_1.1.100.202309141235/tools/bin/../lib/gcc/arm-none-eabi/11.3.1/../../../../arm-none-eabi/lib/thumb/v7-m/nofp/crt0.o (memset)
C:/ST/STM32CubeIDE_1.14.0/STM32CubeIDE/plugins/com.st.stm32cube.ide.mcu.externaltools.gnu-tools-for-stm32.11.3.rel1.win32_1.1.100.202309141235/tools/bin/../lib/gcc/arm-none-eabi/11.3.1/../../../../arm-none-eabi/lib/thumb/v7-m/nofp\libc_nano.a(libc_a-strncmp.o)
                              ./Core/Src/main.o (strncmp)
C:/ST/STM32CubeIDE_1.14.0/STM32CubeIDE/plugins/com.st.stm32cube.ide.mcu.externaltools.gnu-tools-for-stm32.11.3.rel1.win32_1.1.100.202309141235/tools/bin/../lib/gcc/arm-none-eabi/11.3.1/../../../../arm-none-eabi/lib/thumb/v7-m/nofp\libc_nano.a(libc_a-closer.o)
[...]
Memory Configuration

Name             Origin             Length             Attributes
RAM              0x0000000020000000 0x0000000000005000 xrw
FLASH            0x0000000008000000 0x0000000000010000 xr
*default*        0x0000000000000000 0xffffffffffffffff

Linker script and memory map

LOAD C:/ST/STM32CubeIDE_1.14.0/STM32CubeIDE/plugins/com.st.stm32cube.ide.mcu.externaltools.gnu-tools-for-stm32.11.3.rel1.win32_1.1.100.202309141235/tools/bin/../lib/gcc/arm-none-eabi/11.3.1/thumb/v7-m/nofp/crti.o
LOAD C:/ST/STM32CubeIDE_1.14.0/STM32CubeIDE/plugins/com.st.stm32cube.ide.mcu.externaltools.gnu-tools-for-stm32.11.3.rel1.win32_1.1.100.202309141235/tools/bin/../lib/gcc/arm-none-eabi/11.3.1/thumb/v7-m/nofp/crtbegin.o
LOAD C:/ST/STM32CubeIDE_1.14.0/STM32CubeIDE/plugins/com.st.stm32cube.ide.mcu.externaltools.gnu-tools-for-stm32.11.3.rel1.win32_1.1.100.202309141235/tools/bin/../lib/gcc/arm-none-eabi/11.3.1/../../../../arm-none-eabi/lib/thumb/v7-m/nofp/crt0.o
LOAD ./Core/Src/main.o
LOAD ./Core/Src/stm32f1xx_hal_msp.o
LOAD ./Core/Src/stm32f1xx_it.o
LOAD ./Core/Src/syscalls.o
LOAD ./Core/Src/sysmem.o
LOAD ./Core/Src/system_stm32f1xx.o
LOAD ./Core/Startup/startup_stm32f103c8tx.o
LOAD ./Drivers/STM32F1xx_HAL_Driver/Src/stm32f1xx_hal.o
LOAD ./Drivers/STM32F1xx_HAL_Driver/Src/stm32f1xx_hal_cortex.o
LOAD ./Drivers/STM32F1xx_HAL_Driver/Src/stm32f1xx_hal_dma.o
LOAD ./Drivers/STM32F1xx_HAL_Driver/Src/stm32f1xx_hal_exti.o
LOAD ./Drivers/STM32F1xx_HAL_Driver/Src/stm32f1xx_hal_flash.o
LOAD ./Drivers/STM32F1xx_HAL_Driver/Src/stm32f1xx_hal_flash_ex.o
LOAD ./Drivers/STM32F1xx_HAL_Driver/Src/stm32f1xx_hal_gpio.o
LOAD ./Drivers/STM32F1xx_HAL_Driver/Src/stm32f1xx_hal_gpio_ex.o
LOAD ./Drivers/STM32F1xx_HAL_Driver/Src/stm32f1xx_hal_pwr.o
LOAD ./Drivers/STM32F1xx_HAL_Driver/Src/stm32f1xx_hal_rcc.o
LOAD ./Drivers/STM32F1xx_HAL_Driver/Src/stm32f1xx_hal_rcc_ex.o
LOAD ./Drivers/STM32F1xx_HAL_Driver/Src/stm32f1xx_hal_tim.o
LOAD ./Drivers/STM32F1xx_HAL_Driver/Src/stm32f1xx_hal_tim_ex.o
LOAD ./Drivers/STM32F1xx_HAL_Driver/Src/stm32f1xx_hal_uart.o
START GROUP
LOAD C:/ST/STM32CubeIDE_1.14.0/STM32CubeIDE/plugins/com.st.stm32cube.ide.mcu.externaltools.gnu-tools-for-stm32.11.3.rel1.win32_1.1.100.202309141235/tools/bin/../lib/gcc/arm-none-eabi/11.3.1/../../../../arm-none-eabi/lib/thumb/v7-m/nofp\libc_nano.a
LOAD C:/ST/STM32CubeIDE_1.14.0/STM32CubeIDE/plugins/com.st.stm32cube.ide.mcu.externaltools.gnu-tools-for-stm32.11.3.rel1.win32_1.1.100.202309141235/tools/bin/../lib/gcc/arm-none-eabi/11.3.1/../../../../arm-none-eabi/lib/thumb/v7-m/nofp\libm.a
END GROUP
START GROUP
LOAD C:/ST/STM32CubeIDE_1.14.0/STM32CubeIDE/plugins/com.st.stm32cube.ide.mcu.externaltools.gnu-tools-for-stm32.11.3.rel1.win32_1.1.100.202309141235/tools/bin/../lib/gcc/arm-none-eabi/11.3.1/thumb/v7-m/nofp\libgcc.a
LOAD C:/ST/STM32CubeIDE_1.14.0/STM32CubeIDE/plugins/com.st.stm32cube.ide.mcu.externaltools.gnu-tools-for-stm32.11.3.rel1.win32_1.1.100.202309141235/tools/bin/../lib/gcc/arm-none-eabi/11.3.1/../../../../arm-none-eabi/lib/thumb/v7-m/nofp\libc_nano.a
END GROUP
START GROUP
LOAD C:/ST/STM32CubeIDE_1.14.0/STM32CubeIDE/plugins/com.st.stm32cube.ide.mcu.externaltools.gnu-tools-for-stm32.11.3.rel1.win32_1.1.100.202309141235/tools/bin/../lib/gcc/arm-none-eabi/11.3.1/thumb/v7-m/nofp\libgcc.a
LOAD C:/ST/STM32CubeIDE_1.14.0/STM32CubeIDE/plugins/com.st.stm32cube.ide.mcu.externaltools.gnu-tools-for-stm32.11.3.rel1.win32_1.1.100.202309141235/tools/bin/../lib/gcc/arm-none-eabi/11.3.1/../../../../arm-none-eabi/lib/thumb/v7-m/nofp\libc_nano.a
LOAD C:/ST/STM32CubeIDE_1.14.0/STM32CubeIDE/plugins/com.st.stm32cube.ide.mcu.externaltools.gnu-tools-for-stm32.11.3.rel1.win32_1.1.100.202309141235/tools/bin/../lib/gcc/arm-none-eabi/11.3.1/../../../../arm-none-eabi/lib/thumb/v7-m/nofp\libnosys.a
END GROUP
START GROUP
LOAD C:/ST/STM32CubeIDE_1.14.0/STM32CubeIDE/plugins/com.st.stm32cube.ide.mcu.externaltools.gnu-tools-for-stm32.11.3.rel1.win32_1.1.100.202309141235/tools/bin/../lib/gcc/arm-none-eabi/11.3.1/thumb/v7-m/nofp\libgcc.a
LOAD C:/ST/STM32CubeIDE_1.14.0/STM32CubeIDE/plugins/com.st.stm32cube.ide.mcu.externaltools.gnu-tools-for-stm32.11.3.rel1.win32_1.1.100.202309141235/tools/bin/../lib/gcc/arm-none-eabi/11.3.1/../../../../arm-none-eabi/lib/thumb/v7-m/nofp\libc_nano.a
LOAD C:/ST/STM32CubeIDE_1.14.0/STM32CubeIDE/plugins/com.st.stm32cube.ide.mcu.externaltools.gnu-tools-for-stm32.11.3.rel1.win32_1.1.100.202309141235/tools/bin/../lib/gcc/arm-none-eabi/11.3.1/../../../../arm-none-eabi/lib/thumb/v7-m/nofp\libnosys.a
END GROUP
LOAD C:/ST/STM32CubeIDE_1.14.0/STM32CubeIDE/plugins/com.st.stm32cube.ide.mcu.externaltools.gnu-tools-for-stm32.11.3.rel1.win32_1.1.100.202309141235/tools/bin/../lib/gcc/arm-none-eabi/11.3.1/thumb/v7-m/nofp/crtend.o
LOAD C:/ST/STM32CubeIDE_1.14.0/STM32CubeIDE/plugins/com.st.stm32cube.ide.mcu.externaltools.gnu-tools-for-stm32.11.3.rel1.win32_1.1.100.202309141235/tools/bin/../lib/gcc/arm-none-eabi/11.3.1/thumb/v7-m/nofp/crtn.o
                0x0000000020005000                _estack = (ORIGIN (RAM) + LENGTH (RAM))
                0x0000000000000200                _Min_Heap_Size = 0x200
                0x0000000000000400                _Min_Stack_Size = 0x400

.isr_vector     0x0000000008000000      0x10c
                0x0000000008000000                . = ALIGN (0x4)
 *(.isr_vector)
 .isr_vector    0x0000000008000000      0x10c ./Core/Startup/startup_stm32f103c8tx.o
                0x0000000008000000                g_pfnVectors
                0x000000000800010c                . = ALIGN (0x4)

.text           0x000000000800010c     0x58c4
                0x000000000800010c                . = ALIGN (0x4)
 *(.text)
 .text          0x000000000800010c       0x40 C:/ST/STM32CubeIDE_1.14.0/STM32CubeIDE/plugins/com.st.stm32cube.ide.mcu.externaltools.gnu-tools-for-stm32.11.3.rel1.win32_1.1.100.202309141235/tools/bin/../lib/gcc/arm-none-eabi/11.3.1/thumb/v7-m/nofp/crtbegin.o
 *(.text*)
 .text._write   0x000000000800014c       0x2c ./Core/Src/main.o
                0x000000000800014c                _write
 .text.HAL_TIM_PeriodElapsedCallback
                0x0000000008000178      0x250 ./Core/Src/main.o
                0x0000000008000178                HAL_TIM_PeriodElapsedCallback
 .text.Uart_Receive_Start
                0x00000000080003c8       0xac ./Core/Src/main.o
                0x00000000080003c8                Uart_Receive_Start
 .text.HandleCheckCommand
                0x0000000008000474      0x338 ./Core/Src/main.o
                0x0000000008000474                HandleCheckCommand
 .text.HandleCheckCoordinate
                0x00000000080007ac      0x3b0 ./Core/Src/main.o
                0x00000000080007ac                HandleCheckCoordinate
 .text.HAL_UART_RxCpltCallback
                0x0000000008000b5c       0x64 ./Core/Src/main.o
                0x0000000008000b5c                HAL_UART_RxCpltCallback
 .text.HAL_GPIO_EXTI_Callback
                0x0000000008000bc0      0x124 ./Core/Src/main.o
                0x0000000008000bc0                HAL_GPIO_EXTI_Callback
 .text.ResetAllValue
                0x0000000008000ce4       0x8c ./Core/Src/main.o
                0x0000000008000ce4                ResetAllValue
 .text.CheckHome
                0x0000000008000d70       0x98 ./Core/Src/main.o
                0x0000000008000d70                CheckHome
 .text.RobotDoCommand
                0x0000000008000e08      0x1c0 ./Core/Src/main.o
                0x0000000008000e08                RobotDoCommand
 .text.RobotDoCoordinate
                0x0000000008000fc8      0x1a8 ./Core/Src/main.o
                0x0000000008000fc8                RobotDoCoordinate
 .text.ControlRobot
                0x0000000008001170       0xe8 ./Core/Src/main.o
                0x0000000008001170                ControlRobot
 .text.Initialize_Save_Instruction
                0x0000000008001258      0x4d0 ./Core/Src/main.o
                0x0000000008001258                Initialize_Save_Instruction
 .text.main     0x0000000008001728      0x134 ./Core/Src/main.o
                0x0000000008001728                main
 .text.SystemClock_Config
                0x000000000800185c       0x8c ./Core/Src/main.o
                0x000000000800185c                SystemClock_Config
 .text.MX_TIM2_Init
                0x00000000080018e8      0x114 ./Core/Src/main.o
 .text.MX_TIM3_Init
                0x00000000080019fc       0xec ./Core/Src/main.o
 .text.MX_USART1_UART_Init
                0x0000000008001ae8       0x54 ./Core/Src/main.o
 .text.MX_GPIO_Init
                0x0000000008001b3c      0x17c ./Core/Src/main.o
 .text.Error_Handler
                0x0000000008001cb8        0xa ./Core/Src/main.o
                0x0000000008001cb8                Error_Handler
 *fill*         0x0000000008001cc2        0x2 
 .text.HAL_MspInit
                0x0000000008001cc4       0x64 ./Core/Src/stm32f1xx_hal_msp.o
                0x0000000008001cc4                HAL_MspInit
 .text.HAL_TIM_Base_MspInit
                0x0000000008001d28       0x80 ./Core/Src/stm32f1xx_hal_msp.o
                0x0000000008001d28                HAL_TIM_Base_MspInit
 .text.HAL_TIM_MspPostInit
                0x0000000008001da8       0xcc ./Core/Src/stm32f1xx_hal_msp.o
                0x0000000008001da8                HAL_TIM_MspPostInit
 .text.HAL_UART_MspInit
                0x0000000008001e74       0xa8 ./Core/Src/stm32f1xx_hal_msp.o
                0x0000000008001e74                HAL_UART_MspInit
 .text.NMI_Handler
                0x0000000008001f1c        0x6 ./Core/Src/stm32f1xx_it.o
                0x0000000008001f1c                NMI_Handler
 .text.HardFault_Handler
                0x0000000008001f22        0x6 ./Core/Src/stm32f1xx_it.o
                0x0000000008001f22                HardFault_Handler
 .text.MemManage_Handler
                0x0000000008001f28        0x6 ./Core/Src/stm32f1xx_it.o
                0x0000000008001f28                MemManage_Handler
 .text.BusFault_Handler
                0x0000000008001f2e        0x6 ./Core/Src/stm32f1xx_it.o
                0x0000000008001f2e                BusFault_Handler
 .text.UsageFault_Handler
                0x0000000008001f34        0x6 ./Core/Src/stm32f1xx_it.o
                0x0000000008001f34                UsageFault_Handler
 .text.SVC_Handler
                0x0000000008001f3a        0xc ./Core/Src/stm32f1xx_it.o
                0x0000000008001f3a                SVC_Handler
 .text.DebugMon_Handler
                0x0000000008001f46        0xc ./Core/Src/stm32f1xx_it.o
                0x0000000008001f46                DebugMon_Handler
 .text.PendSV_Handler
                0x0000000008001f52        0xc ./Core/Src/stm32f1xx_it.o
                0x0000000008001f52                PendSV_Handler
 .text.SysTick_Handler
                0x0000000008001f5e        0xc ./Core/Src/stm32f1xx_it.o
                0x0000000008001f5e                SysTick_Handler
 .text.EXTI1_IRQHandler
                0x0000000008001f6a        0xe ./Core/Src/stm32f1xx_it.o
                0x0000000008001f6a                EXTI1_IRQHandler
 .text.EXTI4_IRQHandler
                0x0000000008001f78        0xe ./Core/Src/stm32f1xx_it.o
                0x0000000008001f78                EXTI4_IRQHandler
 .text.EXTI9_5_IRQHandler
                0x0000000008001f86       0x16 ./Core/Src/stm32f1xx_it.o
                0x0000000008001f86                EXTI9_5_IRQHandler
 .text.TIM2_IRQHandler
                0x0000000008001f9c       0x14 ./Core/Src/stm32f1xx_it.o
                0x0000000008001f9c                TIM2_IRQHandler
 .text.TIM3_IRQHandler
                0x0000000008001fb0       0x14 ./Core/Src/stm32f1xx_it.o
                0x0000000008001fb0                TIM3_IRQHandler
 .text.USART1_IRQHandler
                0x0000000008001fc4       0x14 ./Core/Src/stm32f1xx_it.o
                0x0000000008001fc4                USART1_IRQHandler
 .text._read    0x0000000008001fd8       0x3a ./Core/Src/syscalls.o
                0x0000000008001fd8                _read
 .text._close   0x0000000008002012       0x16 ./Core/Src/syscalls.o
                0x0000000008002012                _close
 .text._fstat   0x0000000008002028       0x1e ./Core/Src/syscalls.o
                0x0000000008002028                _fstat
 .text._isatty  0x0000000008002046       0x14 ./Core/Src/syscalls.o
                0x0000000008002046                _isatty
 .text._lseek   0x000000000800205a       0x18 ./Core/Src/syscalls.o
                0x000000000800205a                _lseek
 *fill*         0x0000000008002072        0x2 
 .text._sbrk    0x0000000008002074       0x6c ./Core/Src/sysmem.o
                0x0000000008002074                _sbrk
 .text.SystemInit
                0x00000000080020e0        0xc ./Core/Src/system_stm32f1xx.o
                0x00000000080020e0                SystemInit
 .text.Reset_Handler
                0x00000000080020ec       0x48 ./Core/Startup/startup_stm32f103c8tx.o
                0x00000000080020ec                Reset_Handler
 .text.Default_Handler
                0x0000000008002134        0x2 ./Core/Startup/startup_stm32f103c8tx.o
                0x0000000008002134                RTC_Alarm_IRQHandler
                0x0000000008002134                EXTI2_IRQHandler
                0x0000000008002134                TIM1_CC_IRQHandler
                0x0000000008002134                PVD_IRQHandler
                0x0000000008002134                EXTI3_IRQHandler
                0x0000000008002134                EXTI0_IRQHandler
                0x0000000008002134                I2C2_EV_IRQHandler
                0x0000000008002134                ADC1_2_IRQHandler
                0x0000000008002134                SPI1_IRQHandler
                0x0000000008002134                TAMPER_IRQHandler
                0x0000000008002134                DMA1_Channel4_IRQHandler
                0x0000000008002134                USART3_IRQHandler
                0x0000000008002134                RTC_IRQHandler
                0x0000000008002134                DMA1_Channel7_IRQHandler
                0x0000000008002134                CAN1_RX1_IRQHandler
                0x0000000008002134                TIM4_IRQHandler
                0x0000000008002134                I2C1_EV_IRQHandler
                0x0000000008002134                DMA1_Channel6_IRQHandler
                0x0000000008002134                RCC_IRQHandler
                0x0000000008002134                TIM1_TRG_COM_IRQHandler
                0x0000000008002134                DMA1_Channel1_IRQHandler
                0x0000000008002134                Default_Handler
                0x0000000008002134                EXTI15_10_IRQHandler
                0x0000000008002134                SPI2_IRQHandler
                0x0000000008002134                DMA1_Channel5_IRQHandler
                0x0000000008002134                USB_LP_CAN1_RX0_IRQHandler
                0x0000000008002134                USB_HP_CAN1_TX_IRQHandler
                0x0000000008002134                DMA1_Channel3_IRQHandler
                0x0000000008002134                TIM1_UP_IRQHandler
                0x0000000008002134                WWDG_IRQHandler
                0x0000000008002134                TIM1_BRK_IRQHandler
                0x0000000008002134                USART2_IRQHandler
                0x0000000008002134                I2C2_ER_IRQHandler
                0x0000000008002134                DMA1_Channel2_IRQHandler
                0x0000000008002134                CAN1_SCE_IRQHandler
                0x0000000008002134                FLASH_IRQHandler
                0x0000000008002134                I2C1_ER_IRQHandler
                0x0000000008002134                USBWakeUp_IRQHandler
 *fill*         0x0000000008002136        0x2 
 .text.HAL_Init
                0x0000000008002138       0x2c ./Drivers/STM32F1xx_HAL_Driver/Src/stm32f1xx_hal.o
                0x0000000008002138                HAL_Init
 .text.HAL_InitTick
                0x0000000008002164       0x60 ./Drivers/STM32F1xx_HAL_Driver/Src/stm32f1xx_hal.o
                0x0000000008002164                HAL_InitTick
 .text.HAL_IncTick
                0x00000000080021c4       0x24 ./Drivers/STM32F1xx_HAL_Driver/Src/stm32f1xx_hal.o
                0x00000000080021c4                HAL_IncTick
 .text.HAL_GetTick
                0x00000000080021e8       0x14 ./Drivers/STM32F1xx_HAL_Driver/Src/stm32f1xx_hal.o
                0x00000000080021e8                HAL_GetTick
 .text.HAL_Delay
                0x00000000080021fc       0x48 ./Drivers/STM32F1xx_HAL_Driver/Src/stm32f1xx_hal.o
                0x00000000080021fc                HAL_Delay
 .text.__NVIC_SetPriorityGrouping
                0x0000000008002244       0x48 ./Drivers/STM32F1xx_HAL_Driver/Src/stm32f1xx_hal_cortex.o
 .text.__NVIC_GetPriorityGrouping
                0x000000000800228c       0x1c ./Drivers/STM32F1xx_HAL_Driver/Src/stm32f1xx_hal_cortex.o
 .text.__NVIC_EnableIRQ
                0x00000000080022a8       0x38 ./Drivers/STM32F1xx_HAL_Driver/Src/stm32f1xx_hal_cortex.o
 .text.__NVIC_SetPriority
                0x00000000080022e0       0x54 ./Drivers/STM32F1xx_HAL_Driver/Src/stm32f1xx_hal_cortex.o
 .text.NVIC_EncodePriority
                0x0000000008002334       0x64 ./Drivers/STM32F1xx_HAL_Driver/Src/stm32f1xx_hal_cortex.o
 .text.SysTick_Config
                0x0000000008002398       0x44 ./Drivers/STM32F1xx_HAL_Driver/Src/stm32f1xx_hal_cortex.o
 .text.HAL_NVIC_SetPriorityGrouping
                0x00000000080023dc       0x16 ./Drivers/STM32F1xx_HAL_Driver/Src/stm32f1xx_hal_cortex.o
                0x00000000080023dc                HAL_NVIC_SetPriorityGrouping
 .text.HAL_NVIC_SetPriority
                0x00000000080023f2       0x38 ./Drivers/STM32F1xx_HAL_Driver/Src/stm32f1xx_hal_cortex.o
                0x00000000080023f2                HAL_NVIC_SetPriority
 .text.HAL_NVIC_EnableIRQ
                0x000000000800242a       0x1c ./Drivers/STM32F1xx_HAL_Driver/Src/stm32f1xx_hal_cortex.o
                0x000000000800242a                HAL_NVIC_EnableIRQ
 .text.HAL_SYSTICK_Config
                0x0000000008002446       0x18 ./Drivers/STM32F1xx_HAL_Driver/Src/stm32f1xx_hal_cortex.o
                0x0000000008002446                HAL_SYSTICK_Config
 .text.HAL_DMA_Abort
                0x000000000800245e       0x76 ./Drivers/STM32F1xx_HAL_Driver/Src/stm32f1xx_hal_dma.o
                0x000000000800245e                HAL_DMA_Abort
 .text.HAL_DMA_Abort_IT
                0x00000000080024d4       0xf0 ./Drivers/STM32F1xx_HAL_Driver/Src/stm32f1xx_hal_dma.o
                0x00000000080024d4                HAL_DMA_Abort_IT
 .text.HAL_GPIO_Init
                0x00000000080025c4      0x308 ./Drivers/STM32F1xx_HAL_Driver/Src/stm32f1xx_hal_gpio.o
                0x00000000080025c4                HAL_GPIO_Init
 .text.HAL_GPIO_WritePin
                0x00000000080028cc       0x30 ./Drivers/STM32F1xx_HAL_Driver/Src/stm32f1xx_hal_gpio.o
                0x00000000080028cc                HAL_GPIO_WritePin
 .text.HAL_GPIO_EXTI_IRQHandler
                0x00000000080028fc       0x30 ./Drivers/STM32F1xx_HAL_Driver/Src/stm32f1xx_hal_gpio.o
                0x00000000080028fc                HAL_GPIO_EXTI_IRQHandler
 .text.HAL_RCC_OscConfig
                0x000000000800292c      0x504 ./Drivers/STM32F1xx_HAL_Driver/Src/stm32f1xx_hal_rcc.o
                0x000000000800292c                HAL_RCC_OscConfig
 .text.HAL_RCC_ClockConfig
                0x0000000008002e30      0x1d4 ./Drivers/STM32F1xx_HAL_Driver/Src/stm32f1xx_hal_rcc.o
                0x0000000008002e30                HAL_RCC_ClockConfig
 .text.HAL_RCC_GetSysClockFreq
                0x0000000008003004       0xa8 ./Drivers/STM32F1xx_HAL_Driver/Src/stm32f1xx_hal_rcc.o
                0x0000000008003004                HAL_RCC_GetSysClockFreq
 .text.HAL_RCC_GetHCLKFreq
                0x00000000080030ac       0x14 ./Drivers/STM32F1xx_HAL_Driver/Src/stm32f1xx_hal_rcc.o
                0x00000000080030ac                HAL_RCC_GetHCLKFreq
 .text.HAL_RCC_GetPCLK1Freq
                0x00000000080030c0       0x28 ./Drivers/STM32F1xx_HAL_Driver/Src/stm32f1xx_hal_rcc.o
                0x00000000080030c0                HAL_RCC_GetPCLK1Freq
 .text.HAL_RCC_GetPCLK2Freq
                0x00000000080030e8       0x28 ./Drivers/STM32F1xx_HAL_Driver/Src/stm32f1xx_hal_rcc.o
                0x00000000080030e8                HAL_RCC_GetPCLK2Freq
 .text.RCC_Delay
                0x0000000008003110       0x3c ./Drivers/STM32F1xx_HAL_Driver/Src/stm32f1xx_hal_rcc.o
 .text.HAL_TIM_Base_Init
                0x000000000800314c       0x9e ./Drivers/STM32F1xx_HAL_Driver/Src/stm32f1xx_hal_tim.o
                0x000000000800314c                HAL_TIM_Base_Init
 *fill*         0x00000000080031ea        0x2 
 .text.HAL_TIM_Base_Start_IT
                0x00000000080031ec       0xa4 ./Drivers/STM32F1xx_HAL_Driver/Src/stm32f1xx_hal_tim.o
                0x00000000080031ec                HAL_TIM_Base_Start_IT
 .text.HAL_TIM_PWM_Init
                0x0000000008003290       0x9e ./Drivers/STM32F1xx_HAL_Driver/Src/stm32f1xx_hal_tim.o
                0x0000000008003290                HAL_TIM_PWM_Init
 .text.HAL_TIM_PWM_MspInit
                0x000000000800332e       0x12 ./Drivers/STM32F1xx_HAL_Driver/Src/stm32f1xx_hal_tim.o
                0x000000000800332e                HAL_TIM_PWM_MspInit
 .text.HAL_TIM_PWM_Start
                0x0000000008003340      0x144 ./Drivers/STM32F1xx_HAL_Driver/Src/stm32f1xx_hal_tim.o
                0x0000000008003340                HAL_TIM_PWM_Start
 .text.HAL_TIM_PWM_Start_IT
                0x0000000008003484      0x1e0 ./Drivers/STM32F1xx_HAL_Driver/Src/stm32f1xx_hal_tim.o
                0x0000000008003484                HAL_TIM_PWM_Start_IT
 .text.HAL_TIM_PWM_Stop_IT
                0x0000000008003664      0x164 ./Drivers/STM32F1xx_HAL_Driver/Src/stm32f1xx_hal_tim.o
                0x0000000008003664                HAL_TIM_PWM_Stop_IT
 .text.HAL_TIM_IRQHandler
                0x00000000080037c8      0x210 ./Drivers/STM32F1xx_HAL_Driver/Src/stm32f1xx_hal_tim.o
                0x00000000080037c8                HAL_TIM_IRQHandler
 .text.HAL_TIM_PWM_ConfigChannel
                0x00000000080039d8      0x184 ./Drivers/STM32F1xx_HAL_Driver/Src/stm32f1xx_hal_tim.o
                0x00000000080039d8                HAL_TIM_PWM_ConfigChannel
 .text.HAL_TIM_ConfigClockSource
                0x0000000008003b5c      0x18e ./Drivers/STM32F1xx_HAL_Driver/Src/stm32f1xx_hal_tim.o
                0x0000000008003b5c                HAL_TIM_ConfigClockSource
 .text.HAL_TIM_OC_DelayElapsedCallback
                0x0000000008003cea       0x12 ./Drivers/STM32F1xx_HAL_Driver/Src/stm32f1xx_hal_tim.o
                0x0000000008003cea                HAL_TIM_OC_DelayElapsedCallback
 .text.HAL_TIM_IC_CaptureCallback
                0x0000000008003cfc       0x12 ./Drivers/STM32F1xx_HAL_Driver/Src/stm32f1xx_hal_tim.o
                0x0000000008003cfc                HAL_TIM_IC_CaptureCallback
 .text.HAL_TIM_PWM_PulseFinishedCallback
                0x0000000008003d0e       0x12 ./Drivers/STM32F1xx_HAL_Driver/Src/stm32f1xx_hal_tim.o
                0x0000000008003d0e                HAL_TIM_PWM_PulseFinishedCallback
 .text.HAL_TIM_TriggerCallback
                0x0000000008003d20       0x12 ./Drivers/STM32F1xx_HAL_Driver/Src/stm32f1xx_hal_tim.o
                0x0000000008003d20                HAL_TIM_TriggerCallback
 *fill*         0x0000000008003d32        0x2 
 .text.TIM_Base_SetConfig
                0x0000000008003d34       0xc4 ./Drivers/STM32F1xx_HAL_Driver/Src/stm32f1xx_hal_tim.o
                0x0000000008003d34                TIM_Base_SetConfig
 .text.TIM_OC1_SetConfig
                0x0000000008003df8       0xcc ./Drivers/STM32F1xx_HAL_Driver/Src/stm32f1xx_hal_tim.o
 .text.TIM_OC2_SetConfig
                0x0000000008003ec4       0xd4 ./Drivers/STM32F1xx_HAL_Driver/Src/stm32f1xx_hal_tim.o
                0x0000000008003ec4                TIM_OC2_SetConfig
 .text.TIM_OC3_SetConfig
                0x0000000008003f98       0xd4 ./Drivers/STM32F1xx_HAL_Driver/Src/stm32f1xx_hal_tim.o
 .text.TIM_OC4_SetConfig
                0x000000000800406c       0x9c ./Drivers/STM32F1xx_HAL_Driver/Src/stm32f1xx_hal_tim.o
 .text.TIM_TI1_ConfigInputStage
                0x0000000008004108       0x5c ./Drivers/STM32F1xx_HAL_Driver/Src/stm32f1xx_hal_tim.o
 .text.TIM_TI2_ConfigInputStage
                0x0000000008004164       0x5e ./Drivers/STM32F1xx_HAL_Driver/Src/stm32f1xx_hal_tim.o
 .text.TIM_ITRx_SetConfig
                0x00000000080041c2       0x34 ./Drivers/STM32F1xx_HAL_Driver/Src/stm32f1xx_hal_tim.o
 .text.TIM_ETR_SetConfig
                0x00000000080041f6       0x3e ./Drivers/STM32F1xx_HAL_Driver/Src/stm32f1xx_hal_tim.o
                0x00000000080041f6                TIM_ETR_SetConfig
 .text.TIM_CCxChannelCmd
                0x0000000008004234       0x48 ./Drivers/STM32F1xx_HAL_Driver/Src/stm32f1xx_hal_tim.o
                0x0000000008004234                TIM_CCxChannelCmd
 .text.HAL_TIMEx_MasterConfigSynchronization
                0x000000000800427c       0xbc ./Drivers/STM32F1xx_HAL_Driver/Src/stm32f1xx_hal_tim_ex.o
                0x000000000800427c                HAL_TIMEx_MasterConfigSynchronization
 .text.HAL_TIMEx_CommutCallback
                0x0000000008004338       0x12 ./Drivers/STM32F1xx_HAL_Driver/Src/stm32f1xx_hal_tim_ex.o
                0x0000000008004338                HAL_TIMEx_CommutCallback
 .text.HAL_TIMEx_BreakCallback
                0x000000000800434a       0x12 ./Drivers/STM32F1xx_HAL_Driver/Src/stm32f1xx_hal_tim_ex.o
                0x000000000800434a                HAL_TIMEx_BreakCallback
 .text.HAL_UART_Init
                0x000000000800435c       0xa0 ./Drivers/STM32F1xx_HAL_Driver/Src/stm32f1xx_hal_uart.o
                0x000000000800435c                HAL_UART_Init
 .text.HAL_UART_Transmit
                0x00000000080043fc      0x106 ./Drivers/STM32F1xx_HAL_Driver/Src/stm32f1xx_hal_uart.o
                0x00000000080043fc                HAL_UART_Transmit
 .text.HAL_UART_Receive_IT
                0x0000000008004502       0x4a ./Drivers/STM32F1xx_HAL_Driver/Src/stm32f1xx_hal_uart.o
                0x0000000008004502                HAL_UART_Receive_IT
 .text.HAL_UART_IRQHandler
                0x000000000800454c      0x524 ./Drivers/STM32F1xx_HAL_Driver/Src/stm32f1xx_hal_uart.o
                0x000000000800454c                HAL_UART_IRQHandler
 .text.HAL_UART_TxCpltCallback
                0x0000000008004a70       0x12 ./Drivers/STM32F1xx_HAL_Driver/Src/stm32f1xx_hal_uart.o
                0x0000000008004a70                HAL_UART_TxCpltCallback
 .text.HAL_UART_ErrorCallback
                0x0000000008004a82       0x12 ./Drivers/STM32F1xx_HAL_Driver/Src/stm32f1xx_hal_uart.o
                0x0000000008004a82                HAL_UART_ErrorCallback
 .text.HAL_UARTEx_RxEventCallback
                0x0000000008004a94       0x16 ./Drivers/STM32F1xx_HAL_Driver/Src/stm32f1xx_hal_uart.o
                0x0000000008004a94                HAL_UARTEx_RxEventCallback
 .text.UART_WaitOnFlagUntilTimeout
                0x0000000008004aaa       0xdc ./Drivers/STM32F1xx_HAL_Driver/Src/stm32f1xx_hal_uart.o
 .text.UART_Start_Receive_IT
                0x0000000008004b86       0x72 ./Drivers/STM32F1xx_HAL_Driver/Src/stm32f1xx_hal_uart.o
                0x0000000008004b86                UART_Start_Receive_IT
 .text.UART_EndRxTransfer
                0x0000000008004bf8       0xc4 ./Drivers/STM32F1xx_HAL_Driver/Src/stm32f1xx_hal_uart.o
 .text.UART_DMAAbortOnError
                0x0000000008004cbc       0x28 ./Drivers/STM32F1xx_HAL_Driver/Src/stm32f1xx_hal_uart.o
 .text.UART_Transmit_IT
                0x0000000008004ce4       0x9e ./Drivers/STM32F1xx_HAL_Driver/Src/stm32f1xx_hal_uart.o
 .text.UART_EndTransmit_IT
                0x0000000008004d82       0x30 ./Drivers/STM32F1xx_HAL_Driver/Src/stm32f1xx_hal_uart.o
 .text.UART_Receive_IT
                0x0000000008004db2      0x17c ./Drivers/STM32F1xx_HAL_Driver/Src/stm32f1xx_hal_uart.o
 *fill*         0x0000000008004f2e        0x2 
 .text.UART_SetConfig
                0x0000000008004f30      0x11c ./Drivers/STM32F1xx_HAL_Driver/Src/stm32f1xx_hal_uart.o
 .text.std      0x000000000800504c       0x6c C:/ST/STM32CubeIDE_1.14.0/STM32CubeIDE/plugins/com.st.stm32cube.ide.mcu.externaltools.gnu-tools-for-stm32.11.3.rel1.win32_1.1.100.202309141235/tools/bin/../lib/gcc/arm-none-eabi/11.3.1/../../../../arm-none-eabi/lib/thumb/v7-m/nofp\libc_nano.a(libc_a-findfp.o)
 .text.stdio_exit_handler
                0x00000000080050b8       0x18 C:/ST/STM32CubeIDE_1.14.0/STM32CubeIDE/plugins/com.st.stm32cube.ide.mcu.externaltools.gnu-tools-for-stm32.11.3.rel1.win32_1.1.100.202309141235/tools/bin/../lib/gcc/arm-none-eabi/11.3.1/../../../../arm-none-eabi/lib/thumb/v7-m/nofp\libc_nano.a(libc_a-findfp.o)
 .text.cleanup_stdio
                0x00000000080050d0       0x40 C:/ST/STM32CubeIDE_1.14.0/STM32CubeIDE/plugins/com.st.stm32cube.ide.mcu.externaltools.gnu-tools-for-stm32.11.3.rel1.win32_1.1.100.202309141235/tools/bin/../lib/gcc/arm-none-eabi/11.3.1/../../../../arm-none-eabi/lib/thumb/v7-m/nofp\libc_nano.a(libc_a-findfp.o)
 .text.global_stdio_init.part.0
                0x0000000008005110       0x3c C:/ST/STM32CubeIDE_1.14.0/STM32CubeIDE/plugins/com.st.stm32cube.ide.mcu.externaltools.gnu-tools-for-stm32.11.3.rel1.win32_1.1.100.202309141235/tools/bin/../lib/gcc/arm-none-eabi/11.3.1/../../../../arm-none-eabi/lib/thumb/v7-m/nofp\libc_nano.a(libc_a-findfp.o)
 .text.__sfp_lock_acquire
                0x000000000800514c        0xc C:/ST/STM32CubeIDE_1.14.0/STM32CubeIDE/plugins/com.st.stm32cube.ide.mcu.externaltools.gnu-tools-for-stm32.11.3.rel1.win32_1.1.100.202309141235/tools/bin/../lib/gcc/arm-none-eabi/11.3.1/../../../../arm-none-eabi/lib/thumb/v7-m/nofp\libc_nano.a(libc_a-findfp.o)
                0x000000000800514c                __sfp_lock_acquire
 .text.__sfp_lock_release
                0x0000000008005158        0xc C:/ST/STM32CubeIDE_1.14.0/STM32CubeIDE/plugins/com.st.stm32cube.ide.mcu.externaltools.gnu-tools-for-stm32.11.3.rel1.win32_1.1.100.202309141235/tools/bin/../lib/gcc/arm-none-eabi/11.3.1/../../../../arm-none-eabi/lib/thumb/v7-m/nofp\libc_nano.a(libc_a-findfp.o)
                0x0000000008005158                __sfp_lock_release
 .text.__sinit  0x0000000008005164       0x30 C:/ST/STM32CubeIDE_1.14.0/STM32CubeIDE/plugins/com.st.stm32cube.ide.mcu.externaltools.gnu-tools-for-stm32.11.3.rel1.win32_1.1.100.202309141235/tools/bin/../lib/gcc/arm-none-eabi/11.3.1/../../../../arm-none-eabi/lib/thumb/v7-m/nofp\libc_nano.a(libc_a-findfp.o)
                0x0000000008005164                __sinit
 .text._fwalk_sglue
                0x0000000008005194       0x3c C:/ST/STM32CubeIDE_1.14.0/STM32CubeIDE/plugins/com.st.stm32cube.ide.mcu.externaltools.gnu-tools-for-stm32.11.3.rel1.win32_1.1.100.202309141235/tools/bin/../lib/gcc/arm-none-eabi/11.3.1/../../../../arm-none-eabi/lib/thumb/v7-m/nofp\libc_nano.a(libc_a-fwalk.o)
                0x0000000008005194                _fwalk_sglue
 .text._puts_r  0x00000000080051d0       0xa8 C:/ST/STM32CubeIDE_1.14.0/STM32CubeIDE/plugins/com.st.stm32cube.ide.mcu.externaltools.gnu-tools-for-stm32.11.3.rel1.win32_1.1.100.202309141235/tools/bin/../lib/gcc/arm-none-eabi/11.3.1/../../../../arm-none-eabi/lib/thumb/v7-m/nofp\libc_nano.a(libc_a-puts.o)
                0x00000000080051d0                _puts_r
 .text.puts     0x0000000008005278       0x10 C:/ST/STM32CubeIDE_1.14.0/STM32CubeIDE/plugins/com.st.stm32cube.ide.mcu.externaltools.gnu-tools-for-stm32.11.3.rel1.win32_1.1.100.202309141235/tools/bin/../lib/gcc/arm-none-eabi/11.3.1/../../../../arm-none-eabi/lib/thumb/v7-m/nofp\libc_nano.a(libc_a-puts.o)
                0x0000000008005278                puts
 .text.__sread  0x0000000008005288       0x22 C:/ST/STM32CubeIDE_1.14.0/STM32CubeIDE/plugins/com.st.stm32cube.ide.mcu.externaltools.gnu-tools-for-stm32.11.3.rel1.win32_1.1.100.202309141235/tools/bin/../lib/gcc/arm-none-eabi/11.3.1/../../../../arm-none-eabi/lib/thumb/v7-m/nofp\libc_nano.a(libc_a-stdio.o)
                0x0000000008005288                __sread
 .text.__swrite
                0x00000000080052aa       0x38 C:/ST/STM32CubeIDE_1.14.0/STM32CubeIDE/plugins/com.st.stm32cube.ide.mcu.externaltools.gnu-tools-for-stm32.11.3.rel1.win32_1.1.100.202309141235/tools/bin/../lib/gcc/arm-none-eabi/11.3.1/../../../../arm-none-eabi/lib/thumb/v7-m/nofp\libc_nano.a(libc_a-stdio.o)
                0x00000000080052aa                __swrite
 .text.__sseek  0x00000000080052e2       0x24 C:/ST/STM32CubeIDE_1.14.0/STM32CubeIDE/plugins/com.st.stm32cube.ide.mcu.externaltools.gnu-tools-for-stm32.11.3.rel1.win32_1.1.100.202309141235/tools/bin/../lib/gcc/arm-none-eabi/11.3.1/../../../../arm-none-eabi/lib/thumb/v7-m/nofp\libc_nano.a(libc_a-stdio.o)
                0x00000000080052e2                __sseek
 .text.__sclose
                0x0000000008005306        0x8 C:/ST/STM32CubeIDE_1.14.0/STM32CubeIDE/plugins/com.st.stm32cube.ide.mcu.externaltools.gnu-tools-for-stm32.11.3.rel1.win32_1.1.100.202309141235/tools/bin/../lib/gcc/arm-none-eabi/11.3.1/../../../../arm-none-eabi/lib/thumb/v7-m/nofp\libc_nano.a(libc_a-stdio.o)
                0x0000000008005306                __sclose
 .text.__swbuf_r
                0x000000000800530e       0x7a C:/ST/STM32CubeIDE_1.14.0/STM32CubeIDE/plugins/com.st.stm32cube.ide.mcu.externaltools.gnu-tools-for-stm32.11.3.rel1.win32_1.1.100.202309141235/tools/bin/../lib/gcc/arm-none-eabi/11.3.1/../../../../arm-none-eabi/lib/thumb/v7-m/nofp\libc_nano.a(libc_a-wbuf.o)
                0x000000000800530e                __swbuf_r
 .text.__swsetup_r
                0x0000000008005388       0xb0 C:/ST/STM32CubeIDE_1.14.0/STM32CubeIDE/plugins/com.st.stm32cube.ide.mcu.externaltools.gnu-tools-for-stm32.11.3.rel1.win32_1.1.100.202309141235/tools/bin/../lib/gcc/arm-none-eabi/11.3.1/../../../../arm-none-eabi/lib/thumb/v7-m/nofp\libc_nano.a(libc_a-wsetup.o)
                0x0000000008005388                __swsetup_r
 .text.memset   0x0000000008005438       0x10 C:/ST/STM32CubeIDE_1.14.0/STM32CubeIDE/plugins/com.st.stm32cube.ide.mcu.externaltools.gnu-tools-for-stm32.11.3.rel1.win32_1.1.100.202309141235/tools/bin/../lib/gcc/arm-none-eabi/11.3.1/../../../../arm-none-eabi/lib/thumb/v7-m/nofp\libc_nano.a(libc_a-memset.o)
                0x0000000008005438                memset
 .text.strncmp  0x0000000008005448       0x24 C:/ST/STM32CubeIDE_1.14.0/STM32CubeIDE/plugins/com.st.stm32cube.ide.mcu.externaltools.gnu-tools-for-stm32.11.3.rel1.win32_1.1.100.202309141235/tools/bin/../lib/gcc/arm-none-eabi/11.3.1/../../../../arm-none-eabi/lib/thumb/v7-m/nofp\libc_nano.a(libc_a-strncmp.o)
                0x0000000008005448                strncmp
 .text._close_r
                0x000000000800546c       0x20 C:/ST/STM32CubeIDE_1.14.0/STM32CubeIDE/plugins/com.st.stm32cube.ide.mcu.externaltools.gnu-tools-for-stm32.11.3.rel1.win32_1.1.100.202309141235/tools/bin/../lib/gcc/arm-none-eabi/11.3.1/../../../../arm-none-eabi/lib/thumb/v7-m/nofp\libc_nano.a(libc_a-closer.o)
                0x000000000800546c                _close_r
 .text._lseek_r
                0x000000000800548c       0x24 C:/ST/STM32CubeIDE_1.14.0/STM32CubeIDE/plugins/com.st.stm32cube.ide.mcu.externaltools.gnu-tools-for-stm32.11.3.rel1.win32_1.1.100.202309141235/tools/bin/../lib/gcc/arm-none-eabi/11.3.1/../../../../arm-none-eabi/lib/thumb/v7-m/nofp\libc_nano.a(libc_a-lseekr.o)
                0x000000000800548c                _lseek_r
 .text._read_r  0x00000000080054b0       0x24 C:/ST/STM32CubeIDE_1.14.0/STM32CubeIDE/plugins/com.st.stm32cube.ide.mcu.externaltools.gnu-tools-for-stm32.11.3.rel1.win32_1.1.100.202309141235/tools/bin/../lib/gcc/arm-none-eabi/11.3.1/../../../../arm-none-eabi/lib/thumb/v7-m/nofp\libc_nano.a(libc_a-readr.o)
                0x00000000080054b0                _read_r
 .text._write_r
                0x00000000080054d4       0x24 C:/ST/STM32CubeIDE_1.14.0/STM32CubeIDE/plugins/com.st.stm32cube.ide.mcu.externaltools.gnu-tools-for-stm32.11.3.rel1.win32_1.1.100.202309141235/tools/bin/../lib/gcc/arm-none-eabi/11.3.1/../../../../arm-none-eabi/lib/thumb/v7-m/nofp\libc_nano.a(libc_a-writer.o)
                0x00000000080054d4                _write_r
 .text.__errno  0x00000000080054f8        0xc C:/ST/STM32CubeIDE_1.14.0/STM32CubeIDE/plugins/com.st.stm32cube.ide.mcu.externaltools.gnu-tools-for-stm32.11.3.rel1.win32_1.1.100.202309141235/tools/bin/../lib/gcc/arm-none-eabi/11.3.1/../../../../arm-none-eabi/lib/thumb/v7-m/nofp\libc_nano.a(libc_a-errno.o)
                0x00000000080054f8                __errno
 .text.__libc_init_array
                0x0000000008005504       0x48 C:/ST/STM32CubeIDE_1.14.0/STM32CubeIDE/plugins/com.st.stm32cube.ide.mcu.externaltools.gnu-tools-for-stm32.11.3.rel1.win32_1.1.100.202309141235/tools/bin/../lib/gcc/arm-none-eabi/11.3.1/../../../../arm-none-eabi/lib/thumb/v7-m/nofp\libc_nano.a(libc_a-init.o)
                0x0000000008005504                __libc_init_array
 .text.__retarget_lock_init_recursive
                0x000000000800554c        0x2 C:/ST/STM32CubeIDE_1.14.0/STM32CubeIDE/plugins/com.st.stm32cube.ide.mcu.externaltools.gnu-tools-for-stm32.11.3.rel1.win32_1.1.100.202309141235/tools/bin/../lib/gcc/arm-none-eabi/11.3.1/../../../../arm-none-eabi/lib/thumb/v7-m/nofp\libc_nano.a(libc_a-lock.o)
                0x000000000800554c                __retarget_lock_init_recursive
 .text.__retarget_lock_acquire_recursive
                0x000000000800554e        0x2 C:/ST/STM32CubeIDE_1.14.0/STM32CubeIDE/plugins/com.st.stm32cube.ide.mcu.externaltools.gnu-tools-for-stm32.11.3.rel1.win32_1.1.100.202309141235/tools/bin/../lib/gcc/arm-none-eabi/11.3.1/../../../../arm-none-eabi/lib/thumb/v7-m/nofp\libc_nano.a(libc_a-lock.o)
                0x000000000800554e                __retarget_lock_acquire_recursive
 .text.__retarget_lock_release_recursive
                0x0000000008005550        0x2 C:/ST/STM32CubeIDE_1.14.0/STM32CubeIDE/plugins/com.st.stm32cube.ide.mcu.externaltools.gnu-tools-for-stm32.11.3.rel1.win32_1.1.100.202309141235/tools/bin/../lib/gcc/arm-none-eabi/11.3.1/../../../../arm-none-eabi/lib/thumb/v7-m/nofp\libc_nano.a(libc_a-lock.o)
                0x0000000008005550                __retarget_lock_release_recursive
 *fill*         0x0000000008005552        0x2 
 .text._free_r  0x0000000008005554       0x90 C:/ST/STM32CubeIDE_1.14.0/STM32CubeIDE/plugins/com.st.stm32cube.ide.mcu.externaltools.gnu-tools-for-stm32.11.3.rel1.win32_1.1.100.202309141235/tools/bin/../lib/gcc/arm-none-eabi/11.3.1/../../../../arm-none-eabi/lib/thumb/v7-m/nofp\libc_nano.a(libc_a-freer.o)
                0x0000000008005554                _free_r
 .text.sbrk_aligned
                0x00000000080055e4       0x40 C:/ST/STM32CubeIDE_1.14.0/STM32CubeIDE/plugins/com.st.stm32cube.ide.mcu.externaltools.gnu-tools-for-stm32.11.3.rel1.win32_1.1.100.202309141235/tools/bin/../lib/gcc/arm-none-eabi/11.3.1/../../../../arm-none-eabi/lib/thumb/v7-m/nofp\libc_nano.a(libc_a-mallocr.o)
 .text._malloc_r
                0x0000000008005624      0x100 C:/ST/STM32CubeIDE_1.14.0/STM32CubeIDE/plugins/com.st.stm32cube.ide.mcu.externaltools.gnu-tools-for-stm32.11.3.rel1.win32_1.1.100.202309141235/tools/bin/../lib/gcc/arm-none-eabi/11.3.1/../../../../arm-none-eabi/lib/thumb/v7-m/nofp\libc_nano.a(libc_a-mallocr.o)
                0x0000000008005624                _malloc_r
 .text.__malloc_lock
                0x0000000008005724        0xc C:/ST/STM32CubeIDE_1.14.0/STM32CubeIDE/plugins/com.st.stm32cube.ide.mcu.externaltools.gnu-tools-for-stm32.11.3.rel1.win32_1.1.100.202309141235/tools/bin/../lib/gcc/arm-none-eabi/11.3.1/../../../../arm-none-eabi/lib/thumb/v7-m/nofp\libc_nano.a(libc_a-mlock.o)
                0x0000000008005724                __malloc_lock
 .text.__malloc_unlock
                0x0000000008005730        0xc C:/ST/STM32CubeIDE_1.14.0/STM32CubeIDE/plugins/com.st.stm32cube.ide.mcu.externaltools.gnu-tools-for-stm32.11.3.rel1.win32_1.1.100.202309141235/tools/bin/../lib/gcc/arm-none-eabi/11.3.1/../../../../arm-none-eabi/lib/thumb/v7-m/nofp\libc_nano.a(libc_a-mlock.o)
                0x0000000008005730                __malloc_unlock
 .text.__sflush_r
                0x000000000800573c      0x104 C:/ST/STM32CubeIDE_1.14.0/STM32CubeIDE/plugins/com.st.stm32cube.ide.mcu.externaltools.gnu-tools-for-stm32.11.3.rel1.win32_1.1.100.202309141235/tools/bin/../lib/gcc/arm-none-eabi/11.3.1/../../../../arm-none-eabi/lib/thumb/v7-m/nofp\libc_nano.a(libc_a-fflush.o)
                0x000000000800573c                __sflush_r
 .text._fflush_r
                0x0000000008005840       0x50 C:/ST/STM32CubeIDE_1.14.0/STM32CubeIDE/plugins/com.st.stm32cube.ide.mcu.externaltools.gnu-tools-for-stm32.11.3.rel1.win32_1.1.100.202309141235/tools/bin/../lib/gcc/arm-none-eabi/11.3.1/../../../../arm-none-eabi/lib/thumb/v7-m/nofp\libc_nano.a(libc_a-fflush.o)
                0x0000000008005840                _fflush_r
 .text.__swhatbuf_r
                0x0000000008005890       0x4a C:/ST/STM32CubeIDE_1.14.0/STM32CubeIDE/plugins/com.st.stm32cube.ide.mcu.externaltools.gnu-tools-for-stm32.11.3.rel1.win32_1.1.100.202309141235/tools/bin/../lib/gcc/arm-none-eabi/11.3.1/../../../../arm-none-eabi/lib/thumb/v7-m/nofp\libc_nano.a(libc_a-makebuf.o)
                0x0000000008005890                __swhatbuf_r
 .text.__smakebuf_r
                0x00000000080058da       0x78 C:/ST/STM32CubeIDE_1.14.0/STM32CubeIDE/plugins/com.st.stm32cube.ide.mcu.externaltools.gnu-tools-for-stm32.11.3.rel1.win32_1.1.100.202309141235/tools/bin/../lib/gcc/arm-none-eabi/11.3.1/../../../../arm-none-eabi/lib/thumb/v7-m/nofp\libc_nano.a(libc_a-makebuf.o)
                0x00000000080058da                __smakebuf_r
 *fill*         0x0000000008005952        0x2 
 .text._fstat_r
                0x0000000008005954       0x24 C:/ST/STM32CubeIDE_1.14.0/STM32CubeIDE/plugins/com.st.stm32cube.ide.mcu.externaltools.gnu-tools-for-stm32.11.3.rel1.win32_1.1.100.202309141235/tools/bin/../lib/gcc/arm-none-eabi/11.3.1/../../../../arm-none-eabi/lib/thumb/v7-m/nofp\libc_nano.a(libc_a-fstatr.o)
                0x0000000008005954                _fstat_r
 .text._isatty_r
                0x0000000008005978       0x20 C:/ST/STM32CubeIDE_1.14.0/STM32CubeIDE/plugins/com.st.stm32cube.ide.mcu.externaltools.gnu-tools-for-stm32.11.3.rel1.win32_1.1.100.202309141235/tools/bin/../lib/gcc/arm-none-eabi/11.3.1/../../../../arm-none-eabi/lib/thumb/v7-m/nofp\libc_nano.a(libc_a-isattyr.o)
                0x0000000008005978                _isatty_r
 .text._sbrk_r  0x0000000008005998       0x20 C:/ST/STM32CubeIDE_1.14.0/STM32CubeIDE/plugins/com.st.stm32cube.ide.mcu.externaltools.gnu-tools-for-stm32.11.3.rel1.win32_1.1.100.202309141235/tools/bin/../lib/gcc/arm-none-eabi/11.3.1/../../../../arm-none-eabi/lib/thumb/v7-m/nofp\libc_nano.a(libc_a-sbrkr.o)
                0x0000000008005998                _sbrk_r
 *(.glue_7)
 .glue_7        0x00000000080059b8        0x0 linker stubs
 *(.glue_7t)
 .glue_7t       0x00000000080059b8        0x0 linker stubs
 *(.eh_frame)
 .eh_frame      0x00000000080059b8        0x0 C:/ST/STM32CubeIDE_1.14.0/STM32CubeIDE/plugins/com.st.stm32cube.ide.mcu.externaltools.gnu-tools-for-stm32.11.3.rel1.win32_1.1.100.202309141235/tools/bin/../lib/gcc/arm-none-eabi/11.3.1/thumb/v7-m/nofp/crtbegin.o
 *(.init)
 .init          0x00000000080059b8        0x4 C:/ST/STM32CubeIDE_1.14.0/STM32CubeIDE/plugins/com.st.stm32cube.ide.mcu.externaltools.gnu-tools-for-stm32.11.3.rel1.win32_1.1.100.202309141235/tools/bin/../lib/gcc/arm-none-eabi/11.3.1/thumb/v7-m/nofp/crti.o
                0x00000000080059b8                _init
 .init          0x00000000080059bc        0x8 C:/ST/STM32CubeIDE_1.14.0/STM32CubeIDE/plugins/com.st.stm32cube.ide.mcu.externaltools.gnu-tools-for-stm32.11.3.rel1.win32_1.1.100.202309141235/tools/bin/../lib/gcc/arm-none-eabi/11.3.1/thumb/v7-m/nofp/crtn.o
 *(.fini)
 .fini          0x00000000080059c4        0x4 C:/ST/STM32CubeIDE_1.14.0/STM32CubeIDE/plugins/com.st.stm32cube.ide.mcu.externaltools.gnu-tools-for-stm32.11.3.rel1.win32_1.1.100.202309141235/tools/bin/../lib/gcc/arm-none-eabi/11.3.1/thumb/v7-m/nofp/crti.o
                0x00000000080059c4                _fini
 .fini          0x00000000080059c8        0x8 C:/ST/STM32CubeIDE_1.14.0/STM32CubeIDE/plugins/com.st.stm32cube.ide.mcu.externaltools.gnu-tools-for-stm32.11.3.rel1.win32_1.1.100.202309141235/tools/bin/../lib/gcc/arm-none-eabi/11.3.1/thumb/v7-m/nofp/crtn.o
                0x00000000080059d0                . = ALIGN (0x4)
                0x00000000080059d0                _etext = .

.vfp11_veneer   0x00000000080059d0        0x0
 .vfp11_veneer  0x00000000080059d0        0x0 linker stubs

.v4_bx          0x00000000080059d0        0x0
 .v4_bx         0x00000000080059d0        0x0 linker stubs

.iplt           0x00000000080059d0        0x0
 .iplt          0x00000000080059d0        0x0 C:/ST/STM32CubeIDE_1.14.0/STM32CubeIDE/plugins/com.st.stm32cube.ide.mcu.externaltools.gnu-tools-for-stm32.11.3.rel1.win32_1.1.100.202309141235/tools/bin/../lib/gcc/arm-none-eabi/11.3.1/thumb/v7-m/nofp/crtbegin.o

.rodata         0x00000000080059d0      0x180
                0x00000000080059d0                . = ALIGN (0x4)
 *(.rodata)
 .rodata        0x00000000080059d0      0x152 ./Core/Src/main.o
 *(.rodata*)
 *fill*         0x0000000008005b22        0x2 
 .rodata.AHBPrescTable
                0x0000000008005b24       0x10 ./Core/Src/system_stm32f1xx.o
                0x0000000008005b24                AHBPrescTable
 .rodata.APBPrescTable
                0x0000000008005b34        0x8 ./Core/Src/system_stm32f1xx.o
                0x0000000008005b34                APBPrescTable
 .rodata.aPLLMULFactorTable.1
                0x0000000008005b3c       0x10 ./Drivers/STM32F1xx_HAL_Driver/Src/stm32f1xx_hal_rcc.o
 .rodata.aPredivFactorTable.0
                0x0000000008005b4c        0x2 ./Drivers/STM32F1xx_HAL_Driver/Src/stm32f1xx_hal_rcc.o
                0x0000000008005b50                . = ALIGN (0x4)
 *fill*         0x0000000008005b4e        0x2 

.rel.dyn        0x0000000008005b50        0x0
 .rel.iplt      0x0000000008005b50        0x0 C:/ST/STM32CubeIDE_1.14.0/STM32CubeIDE/plugins/com.st.stm32cube.ide.mcu.externaltools.gnu-tools-for-stm32.11.3.rel1.win32_1.1.100.202309141235/tools/bin/../lib/gcc/arm-none-eabi/11.3.1/thumb/v7-m/nofp/crtbegin.o

.ARM.extab      0x0000000008005b50        0x0
                0x0000000008005b50                . = ALIGN (0x4)
 *(.ARM.extab* .gnu.linkonce.armextab.*)
                0x0000000008005b50                . = ALIGN (0x4)

.ARM            0x0000000008005b50        0x0
                0x0000000008005b50                . = ALIGN (0x4)
                0x0000000008005b50                __exidx_start = .
 *(.ARM.exidx*)
                0x0000000008005b50                __exidx_end = .
                0x0000000008005b50                . = ALIGN (0x4)

.preinit_array  0x0000000008005b50        0x0
                0x0000000008005b50                . = ALIGN (0x4)
                0x0000000008005b50                PROVIDE (__preinit_array_start = .)
 *(.preinit_array*)
                0x0000000008005b50                PROVIDE (__preinit_array_end = .)
                0x0000000008005b50                . = ALIGN (0x4)

.init_array     0x0000000008005b50        0x4
                0x0000000008005b50                . = ALIGN (0x4)
                0x0000000008005b50                PROVIDE (__init_array_start = .)
 *(SORT_BY_NAME(.init_array.*))
 *(.init_array*)
 .init_array    0x0000000008005b50        0x4 C:/ST/STM32CubeIDE_1.14.0/STM32CubeIDE/plugins/com.st.stm32cube.ide.mcu.externaltools.gnu-tools-for-stm32.11.3.rel1.win32_1.1.100.202309141235/tools/bin/../lib/gcc/arm-none-eabi/11.3.1/thumb/v7-m/nofp/crtbegin.o
                0x0000000008005b54                PROVIDE (__init_array_end = .)
                0x0000000008005b54                . = ALIGN (0x4)

.fini_array     0x0000000008005b54        0x4
                0x0000000008005b54                . = ALIGN (0x4)
                [!provide]                        PROVIDE (__fini_array_start = .)
 *(SORT_BY_NAME(.fini_array.*))
 *(.fini_array*)
 .fini_array    0x0000000008005b54        0x4 C:/ST/STM32CubeIDE_1.14.0/STM32CubeIDE/plugins/com.st.stm32cube.ide.mcu.externaltools.gnu-tools-for-stm32.11.3.rel1.win32_1.1.100.202309141235/tools/bin/../lib/gcc/arm-none-eabi/11.3.1/thumb/v7-m/nofp/crtbegin.o
                [!provide]                        PROVIDE (__fini_array_end = .)
                0x0000000008005b58                . = ALIGN (0x4)
                0x0000000008005b58                _sidata = LOADADDR (.data)

.data           0x0000000020000000      0x13c load address 0x0000000008005b58
                0x0000000020000000                . = ALIGN (0x4)
                0x0000000020000000                _sdata = .
 *(.data)
 *(.data*)
 .data.AtHome   0x0000000020000000        0x4 ./Core/Src/main.o
                0x0000000020000000                AtHome
 .data.valueX   0x0000000020000004        0x4 ./Core/Src/main.o
                0x0000000020000004                valueX
 .data.valueY   0x0000000020000008        0x4 ./Core/Src/main.o
                0x0000000020000008                valueY
 .data.valueZ   0x000000002000000c        0x4 ./Core/Src/main.o
                0x000000002000000c                valueZ
 .data.Home     0x0000000020000010       0x1a ./Core/Src/main.o
                0x0000000020000010                Home
 *fill*         0x000000002000002a        0x2 
 .data.Turn_Around
                0x000000002000002c       0x1a ./Core/Src/main.o
                0x000000002000002c                Turn_Around
 *fill*         0x0000000020000046        0x2 
 .data.Stop     0x0000000020000048       0x1a ./Core/Src/main.o
                0x0000000020000048                Stop
 *fill*         0x0000000020000062        0x2 
 .data.Stop_Conveyor
                0x0000000020000064       0x1a ./Core/Src/main.o
                0x0000000020000064                Stop_Conveyor
 *fill*         0x000000002000007e        0x2 
 .data.Start_Conveyor
                0x0000000020000080       0x1a ./Core/Src/main.o
                0x0000000020000080                Start_Conveyor
 *fill*         0x000000002000009a        0x2 
 .data.Start_Pick_Up
                0x000000002000009c       0x1a ./Core/Src/main.o
                0x000000002000009c                Start_Pick_Up
 *fill*         0x00000000200000b6        0x2 
 .data.Stop_Pick_Up
                0x00000000200000b8       0x1a ./Core/Src/main.o
                0x00000000200000b8                Stop_Pick_Up
 .data.state_robot
                0x00000000200000d2        0x1 ./Core/Src/main.o
                0x00000000200000d2                state_robot
 *fill*         0x00000000200000d3        0x1 
 .data.SystemCoreClock
                0x00000000200000d4        0x4 ./Core/Src/system_stm32f1xx.o
                0x00000000200000d4                SystemCoreClock
 .data.uwTickPrio
                0x00000000200000d8        0x4 ./Drivers/STM32F1xx_HAL_Driver/Src/stm32f1xx_hal.o
                0x00000000200000d8                uwTickPrio
 .data.uwTickFreq
                0x00000000200000dc        0x1 ./Drivers/STM32F1xx_HAL_Driver/Src/stm32f1xx_hal.o
                0x00000000200000dc                uwTickFreq
 *fill*         0x00000000200000dd        0x3 
 .data.__sglue  0x00000000200000e0        0xc C:/ST/STM32CubeIDE_1.14.0/STM32CubeIDE/plugins/com.st.stm32cube.ide.mcu.externaltools.gnu-tools-for-stm32.11.3.rel1.win32_1.1.100.202309141235/tools/bin/../lib/gcc/arm-none-eabi/11.3.1/../../../../arm-none-eabi/lib/thumb/v7-m/nofp\libc_nano.a(libc_a-findfp.o)
                0x00000000200000e0                __sglue
 .data._impure_data
                0x00000000200000ec       0x4c C:/ST/STM32CubeIDE_1.14.0/STM32CubeIDE/plugins/com.st.stm32cube.ide.mcu.externaltools.gnu-tools-for-stm32.11.3.rel1.win32_1.1.100.202309141235/tools/bin/../lib/gcc/arm-none-eabi/11.3.1/../../../../arm-none-eabi/lib/thumb/v7-m/nofp\libc_nano.a(libc_a-impure.o)
                0x00000000200000ec                _impure_data
 .data._impure_ptr
                0x0000000020000138        0x4 C:/ST/STM32CubeIDE_1.14.0/STM32CubeIDE/plugins/com.st.stm32cube.ide.mcu.externaltools.gnu-tools-for-stm32.11.3.rel1.win32_1.1.100.202309141235/tools/bin/../lib/gcc/arm-none-eabi/11.3.1/../../../../arm-none-eabi/lib/thumb/v7-m/nofp\libc_nano.a(libc_a-impure.o)
                0x0000000020000138                _impure_ptr
 *(.RamFunc)
 *(.RamFunc*)
                0x000000002000013c                . = ALIGN (0x4)
                0x000000002000013c                _edata = .

.igot.plt       0x000000002000013c        0x0 load address 0x0000000008005c94
 .igot.plt      0x000000002000013c        0x0 C:/ST/STM32CubeIDE_1.14.0/STM32CubeIDE/plugins/com.st.stm32cube.ide.mcu.externaltools.gnu-tools-for-stm32.11.3.rel1.win32_1.1.100.202309141235/tools/bin/../lib/gcc/arm-none-eabi/11.3.1/thumb/v7-m/nofp/crtbegin.o
                0x000000002000013c                . = ALIGN (0x4)

.bss            0x000000002000013c      0xdcc load address 0x0000000008005c94
                0x000000002000013c                _sbss = .
                0x000000002000013c                __bss_start__ = _sbss
 *(.bss)
 .bss           0x000000002000013c       0x1c C:/ST/STM32CubeIDE_1.14.0/STM32CubeIDE/plugins/com.st.stm32cube.ide.mcu.externaltools.gnu-tools-for-stm32.11.3.rel1.win32_1.1.100.202309141235/tools/bin/../lib/gcc/arm-none-eabi/11.3.1/thumb/v7-m/nofp/crtbegin.o
 *(.bss*)
 .bss.htim2     0x0000000020000158       0x48 ./Core/Src/main.o
                0x0000000020000158                htim2
 .bss.htim3     0x00000000200001a0       0x48 ./Core/Src/main.o
                0x00000000200001a0                htim3
 .bss.huart1    0x00000000200001e8       0x48 ./Core/Src/main.o
                0x00000000200001e8                huart1
 .bss.homeX     0x0000000020000230        0x4 ./Core/Src/main.o
                0x0000000020000230                homeX
 .bss.homeY     0x0000000020000234        0x4 ./Core/Src/main.o
                0x0000000020000234                homeY
 .bss.homeZ     0x0000000020000238        0x4 ./Core/Src/main.o
                0x0000000020000238                homeZ
 .bss.startRobot
                0x000000002000023c        0x4 ./Core/Src/main.o
                0x000000002000023c                startRobot
 .bss.pulX      0x0000000020000240        0x4 ./Core/Src/main.o
                0x0000000020000240                pulX
 .bss.pulY      0x0000000020000244        0x4 ./Core/Src/main.o
                0x0000000020000244                pulY
 .bss.pulZ      0x0000000020000248        0x4 ./Core/Src/main.o
                0x0000000020000248                pulZ
 .bss.count_dot
                0x000000002000024c        0x4 ./Core/Src/main.o
                0x000000002000024c                count_dot
 .bss.doneX     0x0000000020000250        0x4 ./Core/Src/main.o
                0x0000000020000250                doneX
 .bss.doneY     0x0000000020000254        0x4 ./Core/Src/main.o
                0x0000000020000254                doneY
 .bss.doneZ     0x0000000020000258        0x4 ./Core/Src/main.o
                0x0000000020000258                doneZ
 .bss.pulT      0x000000002000025c        0x4 ./Core/Src/main.o
                0x000000002000025c                pulT
 .bss.doneT     0x0000000020000260        0x4 ./Core/Src/main.o
                0x0000000020000260                doneT
 .bss.startXYZ  0x0000000020000264        0x4 ./Core/Src/main.o
                0x0000000020000264                startXYZ
 .bss.startCmd  0x0000000020000268        0x4 ./Core/Src/main.o
                0x0000000020000268                startCmd
 .bss.element   0x000000002000026c        0x4 ./Core/Src/main.o
                0x000000002000026c                element
 .bss.end_instruction
                0x0000000020000270        0x4 ./Core/Src/main.o
                0x0000000020000270                end_instruction
 .bss.backFromSave
                0x0000000020000274        0x4 ./Core/Src/main.o
                0x0000000020000274                backFromSave
 .bss.dir_changeX
                0x0000000020000278        0x4 ./Core/Src/main.o
                0x0000000020000278                dir_changeX
 .bss.dir_changeY
                0x000000002000027c        0x4 ./Core/Src/main.o
                0x000000002000027c                dir_changeY
 .bss.dir_changeZ
                0x0000000020000280        0x4 ./Core/Src/main.o
                0x0000000020000280                dir_changeZ
 .bss.count_timer
                0x0000000020000284        0x4 ./Core/Src/main.o
                0x0000000020000284                count_timer
 .bss.element_uart
                0x0000000020000288        0x4 ./Core/Src/main.o
                0x0000000020000288                element_uart
 .bss.stepX     0x000000002000028c        0x4 ./Core/Src/main.o
                0x000000002000028c                stepX
 .bss.stepY     0x0000000020000290        0x4 ./Core/Src/main.o
                0x0000000020000290                stepY
 .bss.stepZ     0x0000000020000294        0x4 ./Core/Src/main.o
                0x0000000020000294                stepZ
 .bss.X_Home    0x0000000020000298        0x4 ./Core/Src/main.o
                0x0000000020000298                X_Home
 .bss.Y_Home    0x000000002000029c        0x4 ./Core/Src/main.o
                0x000000002000029c                Y_Home
 .bss.Z_Home    0x00000000200002a0        0x4 ./Core/Src/main.o
                0x00000000200002a0                Z_Home
 .bss.MyRobot   0x00000000200002a4      0xaf0 ./Core/Src/main.o
                0x00000000200002a4                MyRobot
 .bss.initialize_finish
                0x0000000020000d94        0x1 ./Core/Src/main.o
                0x0000000020000d94                initialize_finish
 .bss.receiveSuccess
                0x0000000020000d95        0x1 ./Core/Src/main.o
                0x0000000020000d95                receiveSuccess
 *fill*         0x0000000020000d96        0x2 
 .bss.rxByte    0x0000000020000d98       0x1a ./Core/Src/main.o
                0x0000000020000d98                rxByte
 .bss.isTaskDone
                0x0000000020000db2        0x1 ./Core/Src/main.o
                0x0000000020000db2                isTaskDone
 *fill*         0x0000000020000db3        0x1 
 .bss.__sbrk_heap_end
                0x0000000020000db4        0x4 ./Core/Src/sysmem.o
 .bss.uwTick    0x0000000020000db8        0x4 ./Drivers/STM32F1xx_HAL_Driver/Src/stm32f1xx_hal.o
                0x0000000020000db8                uwTick
 .bss.__sf      0x0000000020000dbc      0x138 C:/ST/STM32CubeIDE_1.14.0/STM32CubeIDE/plugins/com.st.stm32cube.ide.mcu.externaltools.gnu-tools-for-stm32.11.3.rel1.win32_1.1.100.202309141235/tools/bin/../lib/gcc/arm-none-eabi/11.3.1/../../../../arm-none-eabi/lib/thumb/v7-m/nofp\libc_nano.a(libc_a-findfp.o)
                0x0000000020000dbc                __sf
 .bss.__stdio_exit_handler
                0x0000000020000ef4        0x4 C:/ST/STM32CubeIDE_1.14.0/STM32CubeIDE/plugins/com.st.stm32cube.ide.mcu.externaltools.gnu-tools-for-stm32.11.3.rel1.win32_1.1.100.202309141235/tools/bin/../lib/gcc/arm-none-eabi/11.3.1/../../../../arm-none-eabi/lib/thumb/v7-m/nofp\libc_nano.a(libc_a-findfp.o)
                0x0000000020000ef4                __stdio_exit_handler
 .bss.errno     0x0000000020000ef8        0x4 C:/ST/STM32CubeIDE_1.14.0/STM32CubeIDE/plugins/com.st.stm32cube.ide.mcu.externaltools.gnu-tools-for-stm32.11.3.rel1.win32_1.1.100.202309141235/tools/bin/../lib/gcc/arm-none-eabi/11.3.1/../../../../arm-none-eabi/lib/thumb/v7-m/nofp\libc_nano.a(libc_a-reent.o)
                0x0000000020000ef8                errno
 .bss.__lock___malloc_recursive_mutex
                0x0000000020000efc        0x1 C:/ST/STM32CubeIDE_1.14.0/STM32CubeIDE/plugins/com.st.stm32cube.ide.mcu.externaltools.gnu-tools-for-stm32.11.3.rel1.win32_1.1.100.202309141235/tools/bin/../lib/gcc/arm-none-eabi/11.3.1/../../../../arm-none-eabi/lib/thumb/v7-m/nofp\libc_nano.a(libc_a-lock.o)
                0x0000000020000efc                __lock___malloc_recursive_mutex
 .bss.__lock___sfp_recursive_mutex
                0x0000000020000efd        0x1 C:/ST/STM32CubeIDE_1.14.0/STM32CubeIDE/plugins/com.st.stm32cube.ide.mcu.externaltools.gnu-tools-for-stm32.11.3.rel1.win32_1.1.100.202309141235/tools/bin/../lib/gcc/arm-none-eabi/11.3.1/../../../../arm-none-eabi/lib/thumb/v7-m/nofp\libc_nano.a(libc_a-lock.o)
                0x0000000020000efd                __lock___sfp_recursive_mutex
 *fill*         0x0000000020000efe        0x2 
 .bss.__malloc_free_list
                0x0000000020000f00        0x4 C:/ST/STM32CubeIDE_1.14.0/STM32CubeIDE/plugins/com.st.stm32cube.ide.mcu.externaltools.gnu-tools-for-stm32.11.3.rel1.win32_1.1.100.202309141235/tools/bin/../lib/gcc/arm-none-eabi/11.3.1/../../../../arm-none-eabi/lib/thumb/v7-m/nofp\libc_nano.a(libc_a-mallocr.o)
                0x0000000020000f00                __malloc_free_list
 .bss.__malloc_sbrk_start
                0x0000000020000f04        0x4 C:/ST/STM32CubeIDE_1.14.0/STM32CubeIDE/plugins/com.st.stm32cube.ide.mcu.externaltools.gnu-tools-for-stm32.11.3.rel1.win32_1.1.100.202309141235/tools/bin/../lib/gcc/arm-none-eabi/11.3.1/../../../../arm-none-eabi/lib/thumb/v7-m/nofp\libc_nano.a(libc_a-mallocr.o)
                0x0000000020000f04                __malloc_sbrk_start
 *(COMMON)
                0x0000000020000f08                . = ALIGN (0x4)
                0x0000000020000f08                _ebss = .
                0x0000000020000f08                __bss_end__ = _ebss

._user_heap_stack
                0x0000000020000f08      0x600 load address 0x0000000008005c94
                0x0000000020000f08                . = ALIGN (0x8)
                [!provide]                        PROVIDE (end = .)
                0x0000000020000f08                PROVIDE (_end = .)
                0x0000000020001108                . = (. + _Min_Heap_Size)
 *fill*         0x0000000020000f08      0x200 
                0x0000000020001508                . = (. + _Min_Stack_Size)
 *fill*         0x0000000020001108      0x400 
                0x0000000020001508                . = ALIGN (0x8)

/DISCARD/
 libc.a(*)
 libm.a(*)
 libgcc.a(*)

.ARM.attributes
                0x0000000000000000       0x29
 *(.ARM.attributes)
 .ARM.attributes
                0x0000000000000000       0x1d C:/ST/STM32CubeIDE_1.14.0/STM32CubeIDE/plugins/com.st.stm32cube.ide.mcu.externaltools.gnu-tools-for-stm32.11.3.rel1.win32_1.1.100.202309141235/tools/bin/../lib/gcc/arm-none-eabi/11.3.1/thumb/v7-m/nofp/crti.o
 .ARM.attributes
                0x000000000000001d       0x2d C:/ST/STM32CubeIDE_1.14.0/STM32CubeIDE/plugins/com.st.stm32cube.ide.mcu.externaltools.gnu-tools-for-stm32.11.3.rel1.win32_1.1.100.202309141235/tools/bin/../lib/gcc/arm-none-eabi/11.3.1/thumb/v7-m/nofp/crtbegin.o
 .ARM.attributes
                0x000000000000004a       0x2d ./Core/Src/main.o
 .ARM.attributes
                0x0000000000000077       0x2d ./Core/Src/stm32f1xx_hal_msp.o
 .ARM.attributes
                0x00000000000000a4       0x2d ./Core/Src/stm32f1xx_it.o
 .ARM.attributes
                0x00000000000000d1       0x2d ./Core/Src/syscalls.o
 .ARM.attributes
                0x00000000000000fe       0x2d ./Core/Src/sysmem.o
 .ARM.attributes
                0x000000000000012b       0x2d ./Core/Src/system_stm32f1xx.o
 .ARM.attributes
                0x0000000000000158       0x21 ./Core/Startup/startup_stm32f103c8tx.o
 .ARM.attributes
                0x0000000000000179       0x2d ./Drivers/STM32F1xx_HAL_Driver/Src/stm32f1xx_hal.o
 .ARM.attributes
                0x00000000000001a6       0x2d ./Drivers/STM32F1xx_HAL_Driver/Src/stm32f1xx_hal_cortex.o
 .ARM.attributes
                0x00000000000001d3       0x2d ./Drivers/STM32F1xx_HAL_Driver/Src/stm32f1xx_hal_dma.o
 .ARM.attributes
                0x0000000000000200       0x2d ./Drivers/STM32F1xx_HAL_Driver/Src/stm32f1xx_hal_gpio.o
 .ARM.attributes
                0x000000000000022d       0x2d ./Drivers/STM32F1xx_HAL_Driver/Src/stm32f1xx_hal_rcc.o
 .ARM.attributes
                0x000000000000025a       0x2d ./Drivers/STM32F1xx_HAL_Driver/Src/stm32f1xx_hal_tim.o
 .ARM.attributes
                0x0000000000000287       0x2d ./Drivers/STM32F1xx_HAL_Driver/Src/stm32f1xx_hal_tim_ex.o
 .ARM.attributes
                0x00000000000002b4       0x2d ./Drivers/STM32F1xx_HAL_Driver/Src/stm32f1xx_hal_uart.o
 .ARM.attributes
                0x00000000000002e1       0x2d C:/ST/STM32CubeIDE_1.14.0/STM32CubeIDE/plugins/com.st.stm32cube.ide.mcu.externaltools.gnu-tools-for-stm32.11.3.rel1.win32_1.1.100.202309141235/tools/bin/../lib/gcc/arm-none-eabi/11.3.1/../../../../arm-none-eabi/lib/thumb/v7-m/nofp\libc_nano.a(libc_a-findfp.o)
 .ARM.attributes
                0x000000000000030e       0x2d C:/ST/STM32CubeIDE_1.14.0/STM32CubeIDE/plugins/com.st.stm32cube.ide.mcu.externaltools.gnu-tools-for-stm32.11.3.rel1.win32_1.1.100.202309141235/tools/bin/../lib/gcc/arm-none-eabi/11.3.1/../../../../arm-none-eabi/lib/thumb/v7-m/nofp\libc_nano.a(libc_a-fwalk.o)
 .ARM.attributes
                0x000000000000033b       0x2d C:/ST/STM32CubeIDE_1.14.0/STM32CubeIDE/plugins/com.st.stm32cube.ide.mcu.externaltools.gnu-tools-for-stm32.11.3.rel1.win32_1.1.100.202309141235/tools/bin/../lib/gcc/arm-none-eabi/11.3.1/../../../../arm-none-eabi/lib/thumb/v7-m/nofp\libc_nano.a(libc_a-puts.o)
 .ARM.attributes
                0x0000000000000368       0x2d C:/ST/STM32CubeIDE_1.14.0/STM32CubeIDE/plugins/com.st.stm32cube.ide.mcu.externaltools.gnu-tools-for-stm32.11.3.rel1.win32_1.1.100.202309141235/tools/bin/../lib/gcc/arm-none-eabi/11.3.1/../../../../arm-none-eabi/lib/thumb/v7-m/nofp\libc_nano.a(libc_a-stdio.o)
 .ARM.attributes
                0x0000000000000395       0x2d C:/ST/STM32CubeIDE_1.14.0/STM32CubeIDE/plugins/com.st.stm32cube.ide.mcu.externaltools.gnu-tools-for-stm32.11.3.rel1.win32_1.1.100.202309141235/tools/bin/../lib/gcc/arm-none-eabi/11.3.1/../../../../arm-none-eabi/lib/thumb/v7-m/nofp\libc_nano.a(libc_a-wbuf.o)
 .ARM.attributes
                0x00000000000003c2       0x2d C:/ST/STM32CubeIDE_1.14.0/STM32CubeIDE/plugins/com.st.stm32cube.ide.mcu.externaltools.gnu-tools-for-stm32.11.3.rel1.win32_1.1.100.202309141235/tools/bin/../lib/gcc/arm-none-eabi/11.3.1/../../../../arm-none-eabi/lib/thumb/v7-m/nofp\libc_nano.a(libc_a-wsetup.o)
 .ARM.attributes
                0x00000000000003ef       0x2d C:/ST/STM32CubeIDE_1.14.0/STM32CubeIDE/plugins/com.st.stm32cube.ide.mcu.externaltools.gnu-tools-for-stm32.11.3.rel1.win32_1.1.100.202309141235/tools/bin/../lib/gcc/arm-none-eabi/11.3.1/../../../../arm-none-eabi/lib/thumb/v7-m/nofp\libc_nano.a(libc_a-memset.o)
 .ARM.attributes
                0x000000000000041c       0x2d C:/ST/STM32CubeIDE_1.14.0/STM32CubeIDE/plugins/com.st.stm32cube.ide.mcu.externaltools.gnu-tools-for-stm32.11.3.rel1.win32_1.1.100.202309141235/tools/bin/../lib/gcc/arm-none-eabi/11.3.1/../../../../arm-none-eabi/lib/thumb/v7-m/nofp\libc_nano.a(libc_a-strncmp.o)
 .ARM.attributes
                0x0000000000000449       0x2d C:/ST/STM32CubeIDE_1.14.0/STM32CubeIDE/plugins/com.st.stm32cube.ide.mcu.externaltools.gnu-tools-for-stm32.11.3.rel1.win32_1.1.100.202309141235/tools/bin/../lib/gcc/arm-none-eabi/11.3.1/../../../../arm-none-eabi/lib/thumb/v7-m/nofp\libc_nano.a(libc_a-closer.o)
 .ARM.attributes
                0x0000000000000476       0x2d C:/ST/STM32CubeIDE_1.14.0/STM32CubeIDE/plugins/com.st.stm32cube.ide.mcu.externaltools.gnu-tools-for-stm32.11.3.rel1.win32_1.1.100.202309141235/tools/bin/../lib/gcc/arm-none-eabi/11.3.1/../../../../arm-none-eabi/lib/thumb/v7-m/nofp\libc_nano.a(libc_a-reent.o)
 .ARM.attributes
                0x00000000000004a3       0x2d C:/ST/STM32CubeIDE_1.14.0/STM32CubeIDE/plugins/com.st.stm32cube.ide.mcu.externaltools.gnu-tools-for-stm32.11.3.rel1.win32_1.1.100.202309141235/tools/bin/../lib/gcc/arm-none-eabi/11.3.1/../../../../arm-none-eabi/lib/thumb/v7-m/nofp\libc_nano.a(libc_a-impure.o)
 .ARM.attributes
                0x00000000000004d0       0x2d C:/ST/STM32CubeIDE_1.14.0/STM32CubeIDE/plugins/com.st.stm32cube.ide.mcu.externaltools.gnu-tools-for-stm32.11.3.rel1.win32_1.1.100.202309141235/tools/bin/../lib/gcc/arm-none-eabi/11.3.1/../../../../arm-none-eabi/lib/thumb/v7-m/nofp\libc_nano.a(libc_a-lseekr.o)
 .ARM.attributes
                0x00000000000004fd       0x2d C:/ST/STM32CubeIDE_1.14.0/STM32CubeIDE/plugins/com.st.stm32cube.ide.mcu.externaltools.gnu-tools-for-stm32.11.3.rel1.win32_1.1.100.202309141235/tools/bin/../lib/gcc/arm-none-eabi/11.3.1/../../../../arm-none-eabi/lib/thumb/v7-m/nofp\libc_nano.a(libc_a-readr.o)
 .ARM.attributes
                0x000000000000052a       0x2d C:/ST/STM32CubeIDE_1.14.0/STM32CubeIDE/plugins/com.st.stm32cube.ide.mcu.externaltools.gnu-tools-for-stm32.11.3.rel1.win32_1.1.100.202309141235/tools/bin/../lib/gcc/arm-none-eabi/11.3.1/../../../../arm-none-eabi/lib/thumb/v7-m/nofp\libc_nano.a(libc_a-writer.o)
 .ARM.attributes
                0x0000000000000557       0x2d C:/ST/STM32CubeIDE_1.14.0/STM32CubeIDE/plugins/com.st.stm32cube.ide.mcu.externaltools.gnu-tools-for-stm32.11.3.rel1.win32_1.1.100.202309141235/tools/bin/../lib/gcc/arm-none-eabi/11.3.1/../../../../arm-none-eabi/lib/thumb/v7-m/nofp\libc_nano.a(libc_a-errno.o)
 .ARM.attributes
                0x0000000000000584       0x2d C:/ST/STM32CubeIDE_1.14.0/STM32CubeIDE/plugins/com.st.stm32cube.ide.mcu.externaltools.gnu-tools-for-stm32.11.3.rel1.win32_1.1.100.202309141235/tools/bin/../lib/gcc/arm-none-eabi/11.3.1/../../../../arm-none-eabi/lib/thumb/v7-m/nofp\libc_nano.a(libc_a-init.o)
 .ARM.attributes
                0x00000000000005b1       0x2d C:/ST/STM32CubeIDE_1.14.0/STM32CubeIDE/plugins/com.st.stm32cube.ide.mcu.externaltools.gnu-tools-for-stm32.11.3.rel1.win32_1.1.100.202309141235/tools/bin/../lib/gcc/arm-none-eabi/11.3.1/../../../../arm-none-eabi/lib/thumb/v7-m/nofp\libc_nano.a(libc_a-lock.o)
 .ARM.attributes
                0x00000000000005de       0x2d C:/ST/STM32CubeIDE_1.14.0/STM32CubeIDE/plugins/com.st.stm32cube.ide.mcu.externaltools.gnu-tools-for-stm32.11.3.rel1.win32_1.1.100.202309141235/tools/bin/../lib/gcc/arm-none-eabi/11.3.1/../../../../arm-none-eabi/lib/thumb/v7-m/nofp\libc_nano.a(libc_a-freer.o)
 .ARM.attributes
                0x000000000000060b       0x2d C:/ST/STM32CubeIDE_1.14.0/STM32CubeIDE/plugins/com.st.stm32cube.ide.mcu.externaltools.gnu-tools-for-stm32.11.3.rel1.win32_1.1.100.202309141235/tools/bin/../lib/gcc/arm-none-eabi/11.3.1/../../../../arm-none-eabi/lib/thumb/v7-m/nofp\libc_nano.a(libc_a-mallocr.o)
 .ARM.attributes
                0x0000000000000638       0x2d C:/ST/STM32CubeIDE_1.14.0/STM32CubeIDE/plugins/com.st.stm32cube.ide.mcu.externaltools.gnu-tools-for-stm32.11.3.rel1.win32_1.1.100.202309141235/tools/bin/../lib/gcc/arm-none-eabi/11.3.1/../../../../arm-none-eabi/lib/thumb/v7-m/nofp\libc_nano.a(libc_a-mlock.o)
 .ARM.attributes
                0x0000000000000665       0x2d C:/ST/STM32CubeIDE_1.14.0/STM32CubeIDE/plugins/com.st.stm32cube.ide.mcu.externaltools.gnu-tools-for-stm32.11.3.rel1.win32_1.1.100.202309141235/tools/bin/../lib/gcc/arm-none-eabi/11.3.1/../../../../arm-none-eabi/lib/thumb/v7-m/nofp\libc_nano.a(libc_a-fflush.o)
 .ARM.attributes
                0x0000000000000692       0x2d C:/ST/STM32CubeIDE_1.14.0/STM32CubeIDE/plugins/com.st.stm32cube.ide.mcu.externaltools.gnu-tools-for-stm32.11.3.rel1.win32_1.1.100.202309141235/tools/bin/../lib/gcc/arm-none-eabi/11.3.1/../../../../arm-none-eabi/lib/thumb/v7-m/nofp\libc_nano.a(libc_a-makebuf.o)
 .ARM.attributes
                0x00000000000006bf       0x2d C:/ST/STM32CubeIDE_1.14.0/STM32CubeIDE/plugins/com.st.stm32cube.ide.mcu.externaltools.gnu-tools-for-stm32.11.3.rel1.win32_1.1.100.202309141235/tools/bin/../lib/gcc/arm-none-eabi/11.3.1/../../../../arm-none-eabi/lib/thumb/v7-m/nofp\libc_nano.a(libc_a-fstatr.o)
 .ARM.attributes
                0x00000000000006ec       0x2d C:/ST/STM32CubeIDE_1.14.0/STM32CubeIDE/plugins/com.st.stm32cube.ide.mcu.externaltools.gnu-tools-for-stm32.11.3.rel1.win32_1.1.100.202309141235/tools/bin/../lib/gcc/arm-none-eabi/11.3.1/../../../../arm-none-eabi/lib/thumb/v7-m/nofp\libc_nano.a(libc_a-isattyr.o)
 .ARM.attributes
                0x0000000000000719       0x2d C:/ST/STM32CubeIDE_1.14.0/STM32CubeIDE/plugins/com.st.stm32cube.ide.mcu.externaltools.gnu-tools-for-stm32.11.3.rel1.win32_1.1.100.202309141235/tools/bin/../lib/gcc/arm-none-eabi/11.3.1/../../../../arm-none-eabi/lib/thumb/v7-m/nofp\libc_nano.a(libc_a-sbrkr.o)
 .ARM.attributes
                0x0000000000000746       0x1d C:/ST/STM32CubeIDE_1.14.0/STM32CubeIDE/plugins/com.st.stm32cube.ide.mcu.externaltools.gnu-tools-for-stm32.11.3.rel1.win32_1.1.100.202309141235/tools/bin/../lib/gcc/arm-none-eabi/11.3.1/thumb/v7-m/nofp/crtn.o
OUTPUT(Control3Axis_C8T6_2.elf elf32-littlearm)
LOAD linker stubs
LOAD C:/ST/STM32CubeIDE_1.14.0/STM32CubeIDE/plugins/com.st.stm32cube.ide.mcu.externaltools.gnu-tools-for-stm32.11.3.rel1.win32_1.1.100.202309141235/tools/bin/../lib/gcc/arm-none-eabi/11.3.1/../../../../arm-none-eabi/lib/thumb/v7-m/nofp\libc.a
LOAD C:/ST/STM32CubeIDE_1.14.0/STM32CubeIDE/plugins/com.st.stm32cube.ide.mcu.externaltools.gnu-tools-for-stm32.11.3.rel1.win32_1.1.100.202309141235/tools/bin/../lib/gcc/arm-none-eabi/11.3.1/../../../../arm-none-eabi/lib/thumb/v7-m/nofp\libm.a
LOAD C:/ST/STM32CubeIDE_1.14.0/STM32CubeIDE/plugins/com.st.stm32cube.ide.mcu.externaltools.gnu-tools-for-stm32.11.3.rel1.win32_1.1.100.202309141235/tools/bin/../lib/gcc/arm-none-eabi/11.3.1/thumb/v7-m/nofp\libgcc.a

.comment        0x0000000000000000       0x43
 .comment       0x0000000000000000       0x43 C:/ST/STM32CubeIDE_1.14.0/STM32CubeIDE/plugins/com.st.stm32cube.ide.mcu.externaltools.gnu-tools-for-stm32.11.3.rel1.win32_1.1.100.202309141235/tools/bin/../lib/gcc/arm-none-eabi/11.3.1/thumb/v7-m/nofp/crtbegin.o
                                         0x44 (size before relaxing)
 .comment       0x0000000000000043       0x44 ./Core/Src/main.o
 .comment       0x0000000000000043       0x44 ./Core/Src/stm32f1xx_hal_msp.o
 .comment       0x0000000000000043       0x44 ./Core/Src/stm32f1xx_it.o
 .comment       0x0000000000000043       0x44 ./Core/Src/syscalls.o
 .comment       0x0000000000000043       0x44 ./Core/Src/sysmem.o
 .comment       0x0000000000000043       0x44 ./Core/Src/system_stm32f1xx.o
 .comment       0x0000000000000043       0x44 ./Drivers/STM32F1xx_HAL_Driver/Src/stm32f1xx_hal.o
 .comment       0x0000000000000043       0x44 ./Drivers/STM32F1xx_HAL_Driver/Src/stm32f1xx_hal_cortex.o
 .comment       0x0000000000000043       0x44 ./Drivers/STM32F1xx_HAL_Driver/Src/stm32f1xx_hal_dma.o
 .comment       0x0000000000000043       0x44 ./Drivers/STM32F1xx_HAL_Driver/Src/stm32f1xx_hal_gpio.o
 .comment       0x0000000000000043       0x44 ./Drivers/STM32F1xx_HAL_Driver/Src/stm32f1xx_hal_rcc.o
 .comment       0x0000000000000043       0x44 ./Drivers/STM32F1xx_HAL_Driver/Src/stm32f1xx_hal_tim.o
 .comment       0x0000000000000043       0x44 ./Drivers/STM32F1xx_HAL_Driver/Src/stm32f1xx_hal_tim_ex.o
 .comment       0x0000000000000043       0x44 ./Drivers/STM32F1xx_HAL_Driver/Src/stm32f1xx_hal_uart.o

.debug_info     0x0000000000000000     0xcd48
 .debug_info    0x0000000000000000     0x1823 ./Core/Src/main.o
 .debug_info    0x0000000000001823      0xdcf ./Core/Src/stm32f1xx_hal_msp.o
 .debug_info    0x00000000000025f2      0x9ab ./Core/Src/stm32f1xx_it.o
 .debug_info    0x0000000000002f9d      0x6a3 ./Core/Src/syscalls.o
 .debug_info    0x0000000000003640      0x168 ./Core/Src/sysmem.o
 .debug_info    0x00000000000037a8      0x222 ./Core/Src/system_stm32f1xx.o
 .debug_info    0x00000000000039ca       0x23 ./Core/Startup/startup_stm32f103c8tx.o
 .debug_info    0x00000000000039ed      0x704 ./Drivers/STM32F1xx_HAL_Driver/Src/stm32f1xx_hal.o
 .debug_info    0x00000000000040f1      0xa87 ./Drivers/STM32F1xx_HAL_Driver/Src/stm32f1xx_hal_cortex.o
 .debug_info    0x0000000000004b78      0x6d2 ./Drivers/STM32F1xx_HAL_Driver/Src/stm32f1xx_hal_dma.o
 .debug_info    0x000000000000524a      0x5ab ./Drivers/STM32F1xx_HAL_Driver/Src/stm32f1xx_hal_gpio.o
 .debug_info    0x00000000000057f5      0x7d5 ./Drivers/STM32F1xx_HAL_Driver/Src/stm32f1xx_hal_rcc.o
 .debug_info    0x0000000000005fca     0x293b ./Drivers/STM32F1xx_HAL_Driver/Src/stm32f1xx_hal_tim.o
 .debug_info    0x0000000000008905     0x149b ./Drivers/STM32F1xx_HAL_Driver/Src/stm32f1xx_hal_tim_ex.o
 .debug_info    0x0000000000009da0     0x2fa8 ./Drivers/STM32F1xx_HAL_Driver/Src/stm32f1xx_hal_uart.o

.debug_abbrev   0x0000000000000000     0x1ee2
 .debug_abbrev  0x0000000000000000      0x3d9 ./Core/Src/main.o
 .debug_abbrev  0x00000000000003d9      0x209 ./Core/Src/stm32f1xx_hal_msp.o
 .debug_abbrev  0x00000000000005e2      0x1cb ./Core/Src/stm32f1xx_it.o
 .debug_abbrev  0x00000000000007ad      0x1b6 ./Core/Src/syscalls.o
 .debug_abbrev  0x0000000000000963       0xbc ./Core/Src/sysmem.o
 .debug_abbrev  0x0000000000000a1f      0x13f ./Core/Src/system_stm32f1xx.o
 .debug_abbrev  0x0000000000000b5e       0x12 ./Core/Startup/startup_stm32f103c8tx.o
 .debug_abbrev  0x0000000000000b70      0x201 ./Drivers/STM32F1xx_HAL_Driver/Src/stm32f1xx_hal.o
 .debug_abbrev  0x0000000000000d71      0x2f8 ./Drivers/STM32F1xx_HAL_Driver/Src/stm32f1xx_hal_cortex.o
 .debug_abbrev  0x0000000000001069      0x20b ./Drivers/STM32F1xx_HAL_Driver/Src/stm32f1xx_hal_dma.o
 .debug_abbrev  0x0000000000001274      0x1ca ./Drivers/STM32F1xx_HAL_Driver/Src/stm32f1xx_hal_gpio.o
 .debug_abbrev  0x000000000000143e      0x2b3 ./Drivers/STM32F1xx_HAL_Driver/Src/stm32f1xx_hal_rcc.o
 .debug_abbrev  0x00000000000016f1      0x277 ./Drivers/STM32F1xx_HAL_Driver/Src/stm32f1xx_hal_tim.o
 .debug_abbrev  0x0000000000001968      0x282 ./Drivers/STM32F1xx_HAL_Driver/Src/stm32f1xx_hal_tim_ex.o
 .debug_abbrev  0x0000000000001bea      0x2f8 ./Drivers/STM32F1xx_HAL_Driver/Src/stm32f1xx_hal_uart.o

.debug_aranges  0x0000000000000000      0xd30
 .debug_aranges
                0x0000000000000000       0xb8 ./Core/Src/main.o
 .debug_aranges
                0x00000000000000b8       0x48 ./Core/Src/stm32f1xx_hal_msp.o
 .debug_aranges
                0x0000000000000100       0x90 ./Core/Src/stm32f1xx_it.o
 .debug_aranges
                0x0000000000000190       0xa8 ./Core/Src/syscalls.o
 .debug_aranges
                0x0000000000000238       0x20 ./Core/Src/sysmem.o
 .debug_aranges
                0x0000000000000258       0x28 ./Core/Src/system_stm32f1xx.o
 .debug_aranges
                0x0000000000000280       0x28 ./Core/Startup/startup_stm32f103c8tx.o
 .debug_aranges
                0x00000000000002a8       0xe0 ./Drivers/STM32F1xx_HAL_Driver/Src/stm32f1xx_hal.o
 .debug_aranges
                0x0000000000000388      0x100 ./Drivers/STM32F1xx_HAL_Driver/Src/stm32f1xx_hal_cortex.o
 .debug_aranges
                0x0000000000000488       0x80 ./Drivers/STM32F1xx_HAL_Driver/Src/stm32f1xx_hal_dma.o
 .debug_aranges
                0x0000000000000508       0x58 ./Drivers/STM32F1xx_HAL_Driver/Src/stm32f1xx_hal_gpio.o
 .debug_aranges
                0x0000000000000560       0x90 ./Drivers/STM32F1xx_HAL_Driver/Src/stm32f1xx_hal_rcc.o
 .debug_aranges
                0x00000000000005f0      0x3d0 ./Drivers/STM32F1xx_HAL_Driver/Src/stm32f1xx_hal_tim.o
 .debug_aranges
                0x00000000000009c0      0x168 ./Drivers/STM32F1xx_HAL_Driver/Src/stm32f1xx_hal_tim_ex.o
 .debug_aranges
                0x0000000000000b28      0x208 ./Drivers/STM32F1xx_HAL_Driver/Src/stm32f1xx_hal_uart.o

.debug_rnglists
                0x0000000000000000      0xa57
 .debug_rnglists
                0x0000000000000000       0x95 ./Core/Src/main.o
 .debug_rnglists
                0x0000000000000095       0x34 ./Core/Src/stm32f1xx_hal_msp.o
 .debug_rnglists
                0x00000000000000c9       0x67 ./Core/Src/stm32f1xx_it.o
 .debug_rnglists
                0x0000000000000130       0x79 ./Core/Src/syscalls.o
 .debug_rnglists
                0x00000000000001a9       0x13 ./Core/Src/sysmem.o
 .debug_rnglists
                0x00000000000001bc       0x1a ./Core/Src/system_stm32f1xx.o
 .debug_rnglists
                0x00000000000001d6       0x19 ./Core/Startup/startup_stm32f103c8tx.o
 .debug_rnglists
                0x00000000000001ef       0xa3 ./Drivers/STM32F1xx_HAL_Driver/Src/stm32f1xx_hal.o
 .debug_rnglists
                0x0000000000000292       0xbb ./Drivers/STM32F1xx_HAL_Driver/Src/stm32f1xx_hal_cortex.o
 .debug_rnglists
                0x000000000000034d       0x64 ./Drivers/STM32F1xx_HAL_Driver/Src/stm32f1xx_hal_dma.o
 .debug_rnglists
                0x00000000000003b1       0x3f ./Drivers/STM32F1xx_HAL_Driver/Src/stm32f1xx_hal_gpio.o
 .debug_rnglists
                0x00000000000003f0       0x6c ./Drivers/STM32F1xx_HAL_Driver/Src/stm32f1xx_hal_rcc.o
 .debug_rnglists
                0x000000000000045c      0x31a ./Drivers/STM32F1xx_HAL_Driver/Src/stm32f1xx_hal_tim.o
 .debug_rnglists
                0x0000000000000776      0x125 ./Drivers/STM32F1xx_HAL_Driver/Src/stm32f1xx_hal_tim_ex.o
 .debug_rnglists
                0x000000000000089b      0x1bc ./Drivers/STM32F1xx_HAL_Driver/Src/stm32f1xx_hal_uart.o

.debug_macro    0x0000000000000000    0x1878f
 .debug_macro   0x0000000000000000      0x32a ./Core/Src/main.o
 .debug_macro   0x000000000000032a      0xa9c ./Core/Src/main.o
 .debug_macro   0x0000000000000dc6      0x21b ./Core/Src/main.o
 .debug_macro   0x0000000000000fe1       0x2e ./Core/Src/main.o
 .debug_macro   0x000000000000100f       0x22 ./Core/Src/main.o
 .debug_macro   0x0000000000001031       0x22 ./Core/Src/main.o
 .debug_macro   0x0000000000001053       0x8e ./Core/Src/main.o
 .debug_macro   0x00000000000010e1       0x51 ./Core/Src/main.o
 .debug_macro   0x0000000000001132      0x103 ./Core/Src/main.o
 .debug_macro   0x0000000000001235       0x6a ./Core/Src/main.o
 .debug_macro   0x000000000000129f      0x1df ./Core/Src/main.o
 .debug_macro   0x000000000000147e       0x1c ./Core/Src/main.o
 .debug_macro   0x000000000000149a       0x22 ./Core/Src/main.o
 .debug_macro   0x00000000000014bc       0xbd ./Core/Src/main.o
 .debug_macro   0x0000000000001579      0xd23 ./Core/Src/main.o
 .debug_macro   0x000000000000229c     0xe09e ./Core/Src/main.o
 .debug_macro   0x000000000001033a       0x6d ./Core/Src/main.o
 .debug_macro   0x00000000000103a7     0x348d ./Core/Src/main.o
 .debug_macro   0x0000000000013834      0x174 ./Core/Src/main.o
 .debug_macro   0x00000000000139a8       0x5c ./Core/Src/main.o
 .debug_macro   0x0000000000013a04      0x5bc ./Core/Src/main.o
 .debug_macro   0x0000000000013fc0      0x289 ./Core/Src/main.o
 .debug_macro   0x0000000000014249      0x1cb ./Core/Src/main.o
 .debug_macro   0x0000000000014414      0x114 ./Core/Src/main.o
 .debug_macro   0x0000000000014528      0x1b2 ./Core/Src/main.o
 .debug_macro   0x00000000000146da       0x27 ./Core/Src/main.o
 .debug_macro   0x0000000000014701      0x136 ./Core/Src/main.o
 .debug_macro   0x0000000000014837      0x1bc ./Core/Src/main.o
 .debug_macro   0x00000000000149f3       0x34 ./Core/Src/main.o
 .debug_macro   0x0000000000014a27       0x3c ./Core/Src/main.o
 .debug_macro   0x0000000000014a63       0x57 ./Core/Src/main.o
 .debug_macro   0x0000000000014aba       0x87 ./Core/Src/main.o
 .debug_macro   0x0000000000014b41      0x240 ./Core/Src/main.o
 .debug_macro   0x0000000000014d81      0x140 ./Core/Src/main.o
 .debug_macro   0x0000000000014ec1      0x8ed ./Core/Src/main.o
 .debug_macro   0x00000000000157ae      0x28e ./Core/Src/main.o
 .debug_macro   0x0000000000015a3c       0x83 ./Core/Src/main.o
 .debug_macro   0x0000000000015abf       0x94 ./Core/Src/main.o
 .debug_macro   0x0000000000015b53       0x61 ./Core/Src/main.o
 .debug_macro   0x0000000000015bb4       0x24 ./Core/Src/main.o
 .debug_macro   0x0000000000015bd8       0x43 ./Core/Src/main.o
 .debug_macro   0x0000000000015c1b       0x34 ./Core/Src/main.o
 .debug_macro   0x0000000000015c4f       0x16 ./Core/Src/main.o
 .debug_macro   0x0000000000015c65       0x35 ./Core/Src/main.o
 .debug_macro   0x0000000000015c9a      0x369 ./Core/Src/main.o
 .debug_macro   0x0000000000016003       0x10 ./Core/Src/main.o
 .debug_macro   0x0000000000016013       0x16 ./Core/Src/main.o
 .debug_macro   0x0000000000016029       0x43 ./Core/Src/main.o
 .debug_macro   0x000000000001606c       0x34 ./Core/Src/main.o
 .debug_macro   0x00000000000160a0       0x10 ./Core/Src/main.o
 .debug_macro   0x00000000000160b0       0x58 ./Core/Src/main.o
 .debug_macro   0x0000000000016108       0x8e ./Core/Src/main.o
 .debug_macro   0x0000000000016196       0x1c ./Core/Src/main.o
 .debug_macro   0x00000000000161b2      0x177 ./Core/Src/main.o
 .debug_macro   0x0000000000016329       0x16 ./Core/Src/main.o
 .debug_macro   0x000000000001633f       0x16 ./Core/Src/main.o
 .debug_macro   0x0000000000016355      0x147 ./Core/Src/main.o
 .debug_macro   0x000000000001649c       0x16 ./Core/Src/main.o
 .debug_macro   0x00000000000164b2       0x20 ./Core/Src/main.o
 .debug_macro   0x00000000000164d2       0x16 ./Core/Src/main.o
 .debug_macro   0x00000000000164e8       0x16 ./Core/Src/main.o
 .debug_macro   0x00000000000164fe       0x29 ./Core/Src/main.o
 .debug_macro   0x0000000000016527      0x1b2 ./Core/Src/stm32f1xx_hal_msp.o
 .debug_macro   0x00000000000166d9      0x1bc ./Core/Src/stm32f1xx_it.o
 .debug_macro   0x0000000000016895      0x274 ./Core/Src/syscalls.o
 .debug_macro   0x0000000000016b09       0x5b ./Core/Src/syscalls.o
 .debug_macro   0x0000000000016b64       0x94 ./Core/Src/syscalls.o
 .debug_macro   0x0000000000016bf8       0x57 ./Core/Src/syscalls.o
 .debug_macro   0x0000000000016c4f       0x10 ./Core/Src/syscalls.o
 .debug_macro   0x0000000000016c5f       0x10 ./Core/Src/syscalls.o
 .debug_macro   0x0000000000016c6f       0x10 ./Core/Src/syscalls.o
 .debug_macro   0x0000000000016c7f       0x10 ./Core/Src/syscalls.o
 .debug_macro   0x0000000000016c8f       0x1c ./Core/Src/syscalls.o
 .debug_macro   0x0000000000016cab       0x52 ./Core/Src/syscalls.o
 .debug_macro   0x0000000000016cfd       0x22 ./Core/Src/syscalls.o
 .debug_macro   0x0000000000016d1f       0x10 ./Core/Src/syscalls.o
 .debug_macro   0x0000000000016d2f       0x52 ./Core/Src/syscalls.o
 .debug_macro   0x0000000000016d81       0xcf ./Core/Src/syscalls.o
 .debug_macro   0x0000000000016e50       0x1c ./Core/Src/syscalls.o
 .debug_macro   0x0000000000016e6c       0x3d ./Core/Src/syscalls.o
 .debug_macro   0x0000000000016ea9       0x35 ./Core/Src/syscalls.o
 .debug_macro   0x0000000000016ede      0x12c ./Core/Src/syscalls.o
 .debug_macro   0x000000000001700a       0x10 ./Core/Src/syscalls.o
 .debug_macro   0x000000000001701a      0x242 ./Core/Src/syscalls.o
 .debug_macro   0x000000000001725c       0x1c ./Core/Src/syscalls.o
 .debug_macro   0x0000000000017278       0x10 ./Core/Src/syscalls.o
 .debug_macro   0x0000000000017288      0x18a ./Core/Src/syscalls.o
 .debug_macro   0x0000000000017412       0x16 ./Core/Src/syscalls.o
 .debug_macro   0x0000000000017428       0xce ./Core/Src/syscalls.o
 .debug_macro   0x00000000000174f6       0xff ./Core/Src/sysmem.o
 .debug_macro   0x00000000000175f5      0x23c ./Core/Src/sysmem.o
 .debug_macro   0x0000000000017831      0x1a3 ./Core/Src/system_stm32f1xx.o
 .debug_macro   0x00000000000179d4      0x1c7 ./Drivers/STM32F1xx_HAL_Driver/Src/stm32f1xx_hal.o
 .debug_macro   0x0000000000017b9b      0x1a3 ./Drivers/STM32F1xx_HAL_Driver/Src/stm32f1xx_hal_cortex.o
 .debug_macro   0x0000000000017d3e      0x1a3 ./Drivers/STM32F1xx_HAL_Driver/Src/stm32f1xx_hal_dma.o
 .debug_macro   0x0000000000017ee1      0x20e ./Drivers/STM32F1xx_HAL_Driver/Src/stm32f1xx_hal_gpio.o
 .debug_macro   0x00000000000180ef      0x1b5 ./Drivers/STM32F1xx_HAL_Driver/Src/stm32f1xx_hal_rcc.o
 .debug_macro   0x00000000000182a4      0x1a4 ./Drivers/STM32F1xx_HAL_Driver/Src/stm32f1xx_hal_tim.o
 .debug_macro   0x0000000000018448      0x1a3 ./Drivers/STM32F1xx_HAL_Driver/Src/stm32f1xx_hal_tim_ex.o
 .debug_macro   0x00000000000185eb      0x1a4 ./Drivers/STM32F1xx_HAL_Driver/Src/stm32f1xx_hal_uart.o

.debug_line     0x0000000000000000     0xeb43
 .debug_line    0x0000000000000000     0x1338 ./Core/Src/main.o
 .debug_line    0x0000000000001338      0x803 ./Core/Src/stm32f1xx_hal_msp.o
 .debug_line    0x0000000000001b3b      0x858 ./Core/Src/stm32f1xx_it.o
 .debug_line    0x0000000000002393      0x8a8 ./Core/Src/syscalls.o
 .debug_line    0x0000000000002c3b      0x579 ./Core/Src/sysmem.o
 .debug_line    0x00000000000031b4      0x77b ./Core/Src/system_stm32f1xx.o
 .debug_line    0x000000000000392f       0x78 ./Core/Startup/startup_stm32f103c8tx.o
 .debug_line    0x00000000000039a7      0x9a8 ./Drivers/STM32F1xx_HAL_Driver/Src/stm32f1xx_hal.o
 .debug_line    0x000000000000434f      0xb90 ./Drivers/STM32F1xx_HAL_Driver/Src/stm32f1xx_hal_cortex.o
 .debug_line    0x0000000000004edf      0xe01 ./Drivers/STM32F1xx_HAL_Driver/Src/stm32f1xx_hal_dma.o
 .debug_line    0x0000000000005ce0      0xa41 ./Drivers/STM32F1xx_HAL_Driver/Src/stm32f1xx_hal_gpio.o
 .debug_line    0x0000000000006721      0xdb1 ./Drivers/STM32F1xx_HAL_Driver/Src/stm32f1xx_hal_rcc.o
 .debug_line    0x00000000000074d2     0x3494 ./Drivers/STM32F1xx_HAL_Driver/Src/stm32f1xx_hal_tim.o
 .debug_line    0x000000000000a966     0x1907 ./Drivers/STM32F1xx_HAL_Driver/Src/stm32f1xx_hal_tim_ex.o
 .debug_line    0x000000000000c26d     0x28d6 ./Drivers/STM32F1xx_HAL_Driver/Src/stm32f1xx_hal_uart.o

.debug_str      0x0000000000000000    0x8c6a9
 .debug_str     0x0000000000000000    0x87f1f ./Core/Src/main.o
                                      0x88413 (size before relaxing)
 .debug_str     0x0000000000087f1f       0xd8 ./Core/Src/stm32f1xx_hal_msp.o
                                      0x842d5 (size before relaxing)
 .debug_str     0x0000000000087ff7      0x170 ./Core/Src/stm32f1xx_it.o
                                      0x83fc3 (size before relaxing)
 .debug_str     0x0000000000088167     0x1fef ./Core/Src/syscalls.o
                                       0x9836 (size before relaxing)
 .debug_str     0x000000000008a156       0x6b ./Core/Src/sysmem.o
                                       0x5fed (size before relaxing)
 .debug_str     0x000000000008a1c1       0x7e ./Core/Src/system_stm32f1xx.o
                                      0x835f3 (size before relaxing)
 .debug_str     0x000000000008a23f       0x34 ./Core/Startup/startup_stm32f103c8tx.o
                                         0x57 (size before relaxing)
 .debug_str     0x000000000008a273      0x37f ./Drivers/STM32F1xx_HAL_Driver/Src/stm32f1xx_hal.o
                                      0x83d26 (size before relaxing)
 .debug_str     0x000000000008a5f2      0x294 ./Drivers/STM32F1xx_HAL_Driver/Src/stm32f1xx_hal_cortex.o
                                      0x83c72 (size before relaxing)
 .debug_str     0x000000000008a886      0x235 ./Drivers/STM32F1xx_HAL_Driver/Src/stm32f1xx_hal_dma.o
                                      0x8399c (size before relaxing)
 .debug_str     0x000000000008aabb      0x28b ./Drivers/STM32F1xx_HAL_Driver/Src/stm32f1xx_hal_gpio.o
                                      0x83979 (size before relaxing)
 .debug_str     0x000000000008ad46      0x229 ./Drivers/STM32F1xx_HAL_Driver/Src/stm32f1xx_hal_rcc.o
                                      0x83a22 (size before relaxing)
 .debug_str     0x000000000008af6f      0xce2 ./Drivers/STM32F1xx_HAL_Driver/Src/stm32f1xx_hal_tim.o
                                      0x84a14 (size before relaxing)
 .debug_str     0x000000000008bc51      0x493 ./Drivers/STM32F1xx_HAL_Driver/Src/stm32f1xx_hal_tim_ex.o
                                      0x84230 (size before relaxing)
 .debug_str     0x000000000008c0e4      0x5c5 ./Drivers/STM32F1xx_HAL_Driver/Src/stm32f1xx_hal_uart.o
                                      0x84093 (size before relaxing)

.debug_frame    0x0000000000000000     0x3d28
 .debug_frame   0x0000000000000000      0x294 ./Core/Src/main.o
 .debug_frame   0x0000000000000294       0xec ./Core/Src/stm32f1xx_hal_msp.o
 .debug_frame   0x0000000000000380      0x1ac ./Core/Src/stm32f1xx_it.o
 .debug_frame   0x000000000000052c      0x2ac ./Core/Src/syscalls.o
 .debug_frame   0x00000000000007d8       0x34 ./Core/Src/sysmem.o
 .debug_frame   0x000000000000080c       0x58 ./Core/Src/system_stm32f1xx.o
 .debug_frame   0x0000000000000864      0x334 ./Drivers/STM32F1xx_HAL_Driver/Src/stm32f1xx_hal.o
 .debug_frame   0x0000000000000b98      0x428 ./Drivers/STM32F1xx_HAL_Driver/Src/stm32f1xx_hal_cortex.o
 .debug_frame   0x0000000000000fc0      0x208 ./Drivers/STM32F1xx_HAL_Driver/Src/stm32f1xx_hal_dma.o
 .debug_frame   0x00000000000011c8      0x14c ./Drivers/STM32F1xx_HAL_Driver/Src/stm32f1xx_hal_gpio.o
 .debug_frame   0x0000000000001314      0x218 ./Drivers/STM32F1xx_HAL_Driver/Src/stm32f1xx_hal_rcc.o
 .debug_frame   0x000000000000152c     0x11bc ./Drivers/STM32F1xx_HAL_Driver/Src/stm32f1xx_hal_tim.o
 .debug_frame   0x00000000000026e8      0x638 ./Drivers/STM32F1xx_HAL_Driver/Src/stm32f1xx_hal_tim_ex.o
 .debug_frame   0x0000000000002d20      0x944 ./Drivers/STM32F1xx_HAL_Driver/Src/stm32f1xx_hal_uart.o
 .debug_frame   0x0000000000003664      0x144 C:/ST/STM32CubeIDE_1.14.0/STM32CubeIDE/plugins/com.st.stm32cube.ide.mcu.externaltools.gnu-tools-for-stm32.11.3.rel1.win32_1.1.100.202309141235/tools/bin/../lib/gcc/arm-none-eabi/11.3.1/../../../../arm-none-eabi/lib/thumb/v7-m/nofp\libc_nano.a(libc_a-findfp.o)
 .debug_frame   0x00000000000037a8       0x34 C:/ST/STM32CubeIDE_1.14.0/STM32CubeIDE/plugins/com.st.stm32cube.ide.mcu.externaltools.gnu-tools-for-stm32.11.3.rel1.win32_1.1.100.202309141235/tools/bin/../lib/gcc/arm-none-eabi/11.3.1/../../../../arm-none-eabi/lib/thumb/v7-m/nofp\libc_nano.a(libc_a-fwalk.o)
 .debug_frame   0x00000000000037dc       0x3c C:/ST/STM32CubeIDE_1.14.0/STM32CubeIDE/plugins/com.st.stm32cube.ide.mcu.externaltools.gnu-tools-for-stm32.11.3.rel1.win32_1.1.100.202309141235/tools/bin/../lib/gcc/arm-none-eabi/11.3.1/../../../../arm-none-eabi/lib/thumb/v7-m/nofp\libc_nano.a(libc_a-puts.o)
 .debug_frame   0x0000000000003818       0x88 C:/ST/STM32CubeIDE_1.14.0/STM32CubeIDE/plugins/com.st.stm32cube.ide.mcu.externaltools.gnu-tools-for-stm32.11.3.rel1.win32_1.1.100.202309141235/tools/bin/../lib/gcc/arm-none-eabi/11.3.1/../../../../arm-none-eabi/lib/thumb/v7-m/nofp\libc_nano.a(libc_a-stdio.o)
 .debug_frame   0x00000000000038a0       0x40 C:/ST/STM32CubeIDE_1.14.0/STM32CubeIDE/plugins/com.st.stm32cube.ide.mcu.externaltools.gnu-tools-for-stm32.11.3.rel1.win32_1.1.100.202309141235/tools/bin/../lib/gcc/arm-none-eabi/11.3.1/../../../../arm-none-eabi/lib/thumb/v7-m/nofp\libc_nano.a(libc_a-wbuf.o)